
> tailadmin-react-free@1.3.8 test
> vitest


[1m[46m RUN [49m[22m [36mv4.0.6 [39m[90mC:/Projects/genmatsu-fullstack/frontend[39m

[90mstdout[2m | src/components/formGen/components/forms/SharedFormStep4_GENB.test.tsx[2m > [22m[2mSharedFormStep4_GENB (useEffect Calculations)[2m > [22m[2mเทส 1: ควรคำนวณ "calculatedProduct" (cans * 12) ถูกต้อง
[22m[39m--- 1. Quantity of Product Calculation ---
Input (Cans): [1mnull[22m
Calculation: 0 * 12 = 0
Output: null
--- 2. Yield % Calculation ---
Inputs:
  Calculated Product: null
 Final Total Weight (bz3Calculations.totalWeightWithNcr): null

cmd : [90mstderr[2m | src/components/formGen/components/forms/SharedFormStep4_GENB.test.tsx[2m > 
[22m[2mSharedFormStep4_GENB (useEffect Calculations)[2m > [22m[2mเทส 1: ควรคำนวณ "calculatedProduct" (cans * 12) 
ถูกต้อง
At line:1 char:1
+ cmd /c npm test > test_output.txt 2>&1
+ ~~~~~~~~~~~~~~~~~~~~~~~~~~~~~~~~~~~~~~
    + CategoryInfo          : NotSpecified: ([90mstderr[2m...s * 12) ถูกต้อง:String) [], RemoteException
    + FullyQualifiedErrorId : NativeCommandError
 
[22m[39mCondition: Skip Yield % calculation because Product or Final Weight is 0 or invalid. Setting Yield % to null.

 [31m❯[39m src/components/formGen/pages/GEN_B/BS-B_Form/FormStep2.test.tsx [2m([22m[2m3 tests[22m[2m | [22m[31m3 failed[39m[2m)[22m[32m 46[2mms[22m[39m
[31m     [31m×[31m เทส 1: ควรคำนวณทุก field ถูกต้อง เมื่อกรอกข้อมูลครบ (Happy Path)[39m[32m 35[2mms[22m[39m
[31m     [31m×[31m เทส 2: ควรคืนค่า null หรือ 0 เมื่อค่า Input เป็น null หรือ 0[39m[32m 5[2mms[22m[39m
[31m     [31m×[31m เทส 3: ควรคำนวณใหม่ เมื่อค่าที่ดักฟัง (dependency) เปลี่ยนแปลง[39m[32m 4[2mms[22m[39m
[90mstdout[2m | src/components/formGen/pages/GEN_B/BS3_Form/BS3FormStep2.test.tsx[2m > [22m[2mBS3 FormStep2 Calculations[2m > [22m[2mcalculates Total Materials correctly (Step A)
[22m[39m🚀 --- [START] เริ่มการคำนวณ BS3 --- 🚀
===== ⚙️ [Step 2] ค่า Input ที่แปลงเป็นตัวเลขแล้ว ===== {
  rc417Total: [33m194[39m,
  magnesiumHydroxide: [33m10[39m,
  activatedCarbon: [33m5[39m,
  GypsumPlaster: [33m20[39m,
  ncrGenmatsu: [33m50[39m
}
--- ขั้นตอน A: Total Materials (AD21) ---
  [A1] คำนวณ: 194 + 10 + 5 + 20
  [A2] ผลลัพธ์ดิบ (calculatedTotalMaterials): [33m229[39m
  [A3] 🚀 setValue('bs3Calculations.totalWeightOfMaterials'): 229.00
--- ขั้นตอน B: Initial 4% NaCl Water (rawInitialNaclWater15 / T24) ---
  [B1] Input (rc417WaterContent): [33m10[39m
  [B2] ✅ ผ่านเงื่อนไข (rc417WaterContent มีค่า)
  [B3] ตัวแปรที่ใช้คำนวณ: {
    Q21_decimal: [33m0.1[39m,
    Q20: [33m194[39m,
    AD21: [33m229[39m,
    Q22_decimal: [33m0.4525[39m,
    O23_decimal: [33m0.04[39m
  }
  [B4] ตัวหาร (Denominator): 1 - 0.04 - 0.4525 = [33m0.5075[39m
  [B5] ✅ ผ่านเงื่อนไข (ตัวหารไม่ใช่ 0)
  [B6] ตัวตั้ง (Numerator): (229 * 0.4525) - (194 * 0.1) = [33m84.2225[39m
  [B7] ผลลัพธ์ดิบ (rawInitialNaclWater15): (84.2225 / 0.5075) * 0.04 = [33m6.638226600985222[39m
--- ขั้นตอน C: Intermediate Water (rawIntermediateWater / AD24) ---
  [C1] Input (rawInitialNaclWater15 จาก B): [33m6.638226600985222[39m
  [C2] ✅ ผ่านเงื่อนไข (Input จาก B ไม่ใช่ null)
  [C3] ตัวแปร (O23_decimal): [33m0.04[39m
  [C4] ✅ ผ่านเงื่อนไข (O23_decimal ไม่ใช่ 0)
  [C5] ผลลัพธ์ดิบ (rawIntermediateWater): (6.638226600985222 / 0.04) * (1 - 0.04) = [33m159.3174384236453[39m
--- ขั้นตอน D: Total NaCl water (totalNaclWaterResult / AD25) ---
  [D1] Input (rc417WaterContent): [33m10[39m
--- ขั้นตอน E: Final 4% NaCl Water & L/min ---
  [E1] ค่า Input ที่ดึงมา: {
    [32m'totalNaclWaterResult_จากขั้นตอนD'[39m: [33m165.96[39m,
    [32m'naclWaterSpecGrav_จากWatch'[39m: [33m1.2[39m
  }
  [E2] แปลง Specific Gravity (W23): [33m1.2[39m
  [E3] ✅ ผ่านเงื่อนไข (W23 !== 0)
  [E4] แปลง Total NaCl (จาก D) เป็นตัวเลข: [33m165.96[39m
  [E5] คำนวณสูตรดิบ (165.96 / 1.2): [33m138.3[39m
  [E6] ปัดเศษผลลัพธ์ (toFixed(0)): [33m138[39m
  [E7] 🚀 setValue('bs3Calculations.naclWater4'): [33m138[39m
  [E8] 🚀 setValue('rawMaterials.sodiumChloride'): [33m138[39m
  [E9] ค่า Input สำหรับ L/min Rate (จาก E6): [33m138[39m
  [E10] คำนวณ L/min Rate (138 / 20): [33m6.9[39m
  [E11] 🚀 setValue('bs3Calculations.lminRate' (ปัดเศษ หรือ null)): 7
--- ขั้นตอน F: Total weight + NCR (totalWeightWithNcrResult) ---
  [F1] Input (totalNaclWaterResult จาก D): [33m165.96[39m
  [F2] ✅ ผ่านเงื่อนไข (Input จาก D ไม่ใช่ null)
  [F3] ตัวแปรที่ใช้คำนวณ: { AD21_final: [33m229[39m, AD25_final: [33m165.96[39m, U14_final: [33m50[39m }
  [F4] คำนวณ: 229 + 165.96 + 50+ 0 = [33m444.96000000000004[39m
  [F5] ผลลัพธ์ (totalWeightWithNcrResult) (ปัดเศษ .toFixed(2)): [33m444.96[39m
  [F6] 🚀 setValue('bs3Calculations.totalWeightWithNcr'): [33m444.96[39m
🚀 --- [END] สิ้นสุดการคำนวณ BS3 --- 🚀

[90mstdout[2m | src/components/formGen/pages/GEN_B/BS3_Form/BS3FormStep2.test.tsx[2m > [22m[2mBS3 FormStep2 Calculations[2m > [22m[2mcalculates Initial 4% NaCl Water correctly (Step B)
[22m[39m🚀 --- [START] เริ่มการคำนวณ BS3 --- 🚀
===== ⚙️ [Step 2] ค่า Input ที่แปลงเป็นตัวเลขแล้ว ===== {
  rc417Total: [33m194[39m,
  magnesiumHydroxide: [33m10[39m,
  activatedCarbon: [33m5[39m,
  GypsumPlaster: [33m20[39m,
  ncrGenmatsu: [33m50[39m
}
--- ขั้นตอน A: Total Materials (AD21) ---
  [A1] คำนวณ: 194 + 10 + 5 + 20
  [A2] ผลลัพธ์ดิบ (calculatedTotalMaterials): [33m229[39m
  [A3] 🚀 setValue('bs3Calculations.totalWeightOfMaterials'): 229.00
--- ขั้นตอน B: Initial 4% NaCl Water (rawInitialNaclWater15 / T24) ---
  [B1] Input (rc417WaterContent): [33m10[39m
  [B2] ✅ ผ่านเงื่อนไข (rc417WaterContent มีค่า)
  [B3] ตัวแปรที่ใช้คำนวณ: {
    Q21_decimal: [33m0.1[39m,
    Q20: [33m194[39m,
    AD21: [33m229[39m,
    Q22_decimal: [33m0.4525[39m,
    O23_decimal: [33m0.04[39m
  }
  [B4] ตัวหาร (Denominator): 1 - 0.04 - 0.4525 = [33m0.5075[39m
  [B5] ✅ ผ่านเงื่อนไข (ตัวหารไม่ใช่ 0)
  [B6] ตัวตั้ง (Numerator): (229 * 0.4525) - (194 * 0.1) = [33m84.2225[39m
  [B7] ผลลัพธ์ดิบ (rawInitialNaclWater15): (84.2225 / 0.5075) * 0.04 = [33m6.638226600985222[39m
--- ขั้นตอน C: Intermediate Water (rawIntermediateWater / AD24) ---
  [C1] Input (rawInitialNaclWater15 จาก B): [33m6.638226600985222[39m
  [C2] ✅ ผ่านเงื่อนไข (Input จาก B ไม่ใช่ null)
  [C3] ตัวแปร (O23_decimal): [33m0.04[39m
  [C4] ✅ ผ่านเงื่อนไข (O23_decimal ไม่ใช่ 0)
  [C5] ผลลัพธ์ดิบ (rawIntermediateWater): (6.638226600985222 / 0.04) * (1 - 0.04) = [33m159.3174384236453[39m
--- ขั้นตอน D: Total NaCl water (totalNaclWaterResult / AD25) ---
  [D1] Input (rc417WaterContent): [33m10[39m
--- ขั้นตอน E: Final 4% NaCl Water & L/min ---
  [E1] ค่า Input ที่ดึงมา: {
    [32m'totalNaclWaterResult_จากขั้นตอนD'[39m: [33m165.96[39m,
    [32m'naclWaterSpecGrav_จากWatch'[39m: [33m1.2[39m
  }
  [E2] แปลง Specific Gravity (W23): [33m1.2[39m
  [E3] ✅ ผ่านเงื่อนไข (W23 !== 0)
  [E4] แปลง Total NaCl (จาก D) เป็นตัวเลข: [33m165.96[39m
  [E5] คำนวณสูตรดิบ (165.96 / 1.2): [33m138.3[39m
  [E6] ปัดเศษผลลัพธ์ (toFixed(0)): [33m138[39m
  [E7] 🚀 setValue('bs3Calculations.naclWater4'): [33m138[39m
  [E8] 🚀 setValue('rawMaterials.sodiumChloride'): [33m138[39m
  [E9] ค่า Input สำหรับ L/min Rate (จาก E6): [33m138[39m
  [E10] คำนวณ L/min Rate (138 / 20): [33m6.9[39m
  [E11] 🚀 setValue('bs3Calculations.lminRate' (ปัดเศษ หรือ null)): 7
--- ขั้นตอน F: Total weight + NCR (totalWeightWithNcrResult) ---
  [F1] Input (totalNaclWaterResult จาก D): [33m165.96[39m
  [F2] ✅ ผ่านเงื่อนไข (Input จาก D ไม่ใช่ null)
  [F3] ตัวแปรที่ใช้คำนวณ: { AD21_final: [33m229[39m, AD25_final: [33m165.96[39m, U14_final: [33m50[39m }
  [F4] คำนวณ: 229 + 165.96 + 50+ 0 = [33m444.96000000000004[39m
  [F5] ผลลัพธ์ (totalWeightWithNcrResult) (ปัดเศษ .toFixed(2)): [33m444.96[39m
  [F6] 🚀 setValue('bs3Calculations.totalWeightWithNcr'): [33m444.96[39m
🚀 --- [END] สิ้นสุดการคำนวณ BS3 --- 🚀

[90mstderr[2m | src/components/formGen/pages/GEN_B/BS3_Form/BS3FormStep2.test.tsx[2m > [22m[2mBS3 FormStep2 
Calculations[2m > [22m[2mcalculates Initial 4% NaCl Water correctly (Step B)
[22m[39mWarning: An update to TestWrapper inside a test was not wrapped in act(...).

When testing, code that causes React state updates should be wrapped into act(...):

act(() => {
  /* fire events that update state */
});
/* assert on the output */

This ensures that you're testing the behavior the user would see in the browser. Learn more at 
https://reactjs.org/link/wrap-tests-with-act
    at TestWrapper 
(C:/Projects/genmatsu-fullstack/frontend/src/components/formGen/pages/GEN_B/BS3_Form/BS3FormStep2.test.tsx:33:24)

[90mstdout[2m | src/components/formGen/pages/GEN_B/BZ3-B_Form/BZ3-BFormStep2.test.tsx[2m > [22m[2mBZ3-B FormStep2 Calculations[2m > [22m[2mcalculates Total Materials correctly (Step A)
[22m[39m🧪 START: BZ3/B Calculations
  --- A. Total Materials Weight ---
  Formula: 194 (RC-417 Total) + 10 (Mg(OH)2) + 5 (Activated Carbon)
  Raw Result (AD21): 209
  ✅ SET: bz3Calculations.totalWeightOfMaterials = 209
  --- B. Initial 15% NaCl Water (T24) ---
  Input Decimals: RC417 Moisture: 0.1, Std Moisture: 0.395, NaCl %: 0.15
  Denominator: 1 - 0.15 - 0.395 = 0.45499999999999996
  Numerator: (209 * 0.395) - (194 * 0.1) = 63.155
  Raw Result (T24): 20.82032967032967
  --- C. Intermediate Water (AD24) ---
  Formula: (20.82032967032967 / 0.15) * 0.85
  Raw Result (AD24): 117.98186813186814
  --- D. Total NaCl Water (T24 + AD24) ---
  Formula: 20.82032967032967 (T24 Raw) + 117.98186813186814 (AD24 Raw)
  Raw Sum: 138.8021978021978
  ✅ SET: bz3Calculations.totalNaclWater = 138.8021978021978
  --- E. Final 15% NaCl Water (V25) ---
  Formula: 138.8021978021978 (Total NaCl Water) / 1.2 (Spec Grav)
  Raw Result: 115.66849816849818
  ✅ SET: bz3Calculations.naclWater15 = 115.66849816849818
  ✅ SET: bz3Calculations.lminRate = (115.66849816849818 / 20) -> 6
  --- F. Total Weight with NCR ---
  Sum: 209 (Total Materials) + 138.8021978021978 (Total NaCl Water) + 50 (NCR Genmatsu)
  Raw Result: 397.80219780219784
  ✅ SET: bz3Calculations.totalWeightWithNcr = 397.80219780219784
🧪 START: BZ3/B Calculations
  --- A. Total Materials Weight ---
  Formula: 194 (RC-417 Total) + 10 (Mg(OH)2) + 5 (Activated Carbon)
  Raw Result (AD21): 209
  ✅ SET: bz3Calculations.totalWeightOfMaterials = 209
  --- B. Initial 15% NaCl Water (T24) ---
  Input Decimals: RC417 Moisture: 0.1, Std Moisture: 0.395, NaCl %: 0.15
  Denominator: 1 - 0.15 - 0.395 = 0.45499999999999996
  Numerator: (209 * 0.395) - (194 * 0.1) = 63.155
  Raw Result (T24): 20.82032967032967
  --- C. Intermediate Water (AD24) ---
  Formula: (20.82032967032967 / 0.15) * 0.85
  Raw Result (AD24): 117.98186813186814
  --- D. Total NaCl Water (T24 + AD24) ---
  Formula: 20.82032967032967 (T24 Raw) + 117.98186813186814 (AD24 Raw)
  Raw Sum: 138.8021978021978
  ✅ SET: bz3Calculations.totalNaclWater = 138.8021978021978
  --- E. Final 15% NaCl Water (V25) ---
  Formula: 138.8021978021978 (Total NaCl Water) / 1.2 (Spec Grav)
  Raw Result: 115.66849816849818
  ✅ SET: bz3Calculations.naclWater15 = 115.66849816849818
  ✅ SET: bz3Calculations.lminRate = (115.66849816849818 / 20) -> 6
  --- F. Total Weight with NCR ---
  Sum: 209 (Total Materials) + 138.8021978021978 (Total NaCl Water) + 50 (NCR Genmatsu)
  Raw Result: 397.80219780219784
  ✅ SET: bz3Calculations.totalWeightWithNcr = 397.80219780219784

[90mstdout[2m | src/components/formGen/pages/GEN_B/BS3_Form/BS3FormStep2.test.tsx[2m > [22m[2mBS3 FormStep2 Calculations[2m > [22m[2mcalculates Total NaCl Water correctly (Step D)
[22m[39m🚀 --- [START] เริ่มการคำนวณ BS3 --- 🚀
===== ⚙️ [Step 2] ค่า Input ที่แปลงเป็นตัวเลขแล้ว ===== {
  rc417Total: [33m194[39m,
  magnesiumHydroxide: [33m10[39m,
  activatedCarbon: [33m5[39m,
  GypsumPlaster: [33m20[39m,
  ncrGenmatsu: [33m50[39m
}
--- ขั้นตอน A: Total Materials (AD21) ---
  [A1] คำนวณ: 194 + 10 + 5 + 20
  [A2] ผลลัพธ์ดิบ (calculatedTotalMaterials): [33m229[39m
  [A3] 🚀 setValue('bs3Calculations.totalWeightOfMaterials'): 229.00
--- ขั้นตอน B: Initial 4% NaCl Water (rawInitialNaclWater15 / T24) ---
  [B1] Input (rc417WaterContent): [33m10[39m
  [B2] ✅ ผ่านเงื่อนไข (rc417WaterContent มีค่า)
  [B3] ตัวแปรที่ใช้คำนวณ: {
    Q21_decimal: [33m0.1[39m,
    Q20: [33m194[39m,
    AD21: [33m229[39m,
    Q22_decimal: [33m0.4525[39m,
    O23_decimal: [33m0.04[39m
  }
  [B4] ตัวหาร (Denominator): 1 - 0.04 - 0.4525 = [33m0.5075[39m
  [B5] ✅ ผ่านเงื่อนไข (ตัวหารไม่ใช่ 0)
  [B6] ตัวตั้ง (Numerator): (229 * 0.4525) - (194 * 0.1) = [33m84.2225[39m
  [B7] ผลลัพธ์ดิบ (rawInitialNaclWater15): (84.2225 / 0.5075) * 0.04 = [33m6.638226600985222[39m
--- ขั้นตอน C: Intermediate Water (rawIntermediateWater / AD24) ---
  [C1] Input (rawInitialNaclWater15 จาก B): [33m6.638226600985222[39m
  [C2] ✅ ผ่านเงื่อนไข (Input จาก B ไม่ใช่ null)
  [C3] ตัวแปร (O23_decimal): [33m0.04[39m
  [C4] ✅ ผ่านเงื่อนไข (O23_decimal ไม่ใช่ 0)
  [C5] ผลลัพธ์ดิบ (rawIntermediateWater): (6.638226600985222 / 0.04) * (1 - 0.04) = [33m159.3174384236453[39m
--- ขั้นตอน D: Total NaCl water (totalNaclWaterResult / AD25) ---
  [D1] Input (rc417WaterContent): [33m10[39m
--- ขั้นตอน E: Final 4% NaCl Water & L/min ---
  [E1] ค่า Input ที่ดึงมา: {
    [32m'totalNaclWaterResult_จากขั้นตอนD'[39m: [33m165.96[39m,
    [32m'naclWaterSpecGrav_จากWatch'[39m: [33m1.2[39m
  }
  [E2] แปลง Specific Gravity (W23): [33m1.2[39m
  [E3] ✅ ผ่านเงื่อนไข (W23 !== 0)
  [E4] แปลง Total NaCl (จาก D) เป็นตัวเลข: [33m165.96[39m
  [E5] คำนวณสูตรดิบ (165.96 / 1.2): [33m138.3[39m
  [E6] ปัดเศษผลลัพธ์ (toFixed(0)): [33m138[39m
  [E7] 🚀 setValue('bs3Calculations.naclWater4'): [33m138[39m
  [E8] 🚀 setValue('rawMaterials.sodiumChloride'): [33m138[39m
  [E9] ค่า Input สำหรับ L/min Rate (จาก E6): [33m138[39m
  [E10] คำนวณ L/min Rate (138 / 20): [33m6.9[39m
  [E11] 🚀 setValue('bs3Calculations.lminRate' (ปัดเศษ หรือ null)): 7
--- ขั้นตอน F: Total weight + NCR (totalWeightWithNcrResult) ---
  [F1] Input (totalNaclWaterResult จาก D): [33m165.96[39m
  [F2] ✅ ผ่านเงื่อนไข (Input จาก D ไม่ใช่ null)
  [F3] ตัวแปรที่ใช้คำนวณ: { AD21_final: [33m229[39m, AD25_final: [33m165.96[39m, U14_final: [33m50[39m }
  [F4] คำนวณ: 229 + 165.96 + 50+ 0 = [33m444.96000000000004[39m
  [F5] ผลลัพธ์ (totalWeightWithNcrResult) (ปัดเศษ .toFixed(2)): [33m444.96[39m
  [F6] 🚀 setValue('bs3Calculations.totalWeightWithNcr'): [33m444.96[39m
🚀 --- [END] สิ้นสุดการคำนวณ BS3 --- 🚀

[90mstdout[2m | src/components/formGen/pages/GEN_B/BZ3-B_Form/BZ3-BFormStep2.test.tsx[2m > [22m[2mBZ3-B FormStep2 Calculations[2m > [22m[2mcalculates Initial 15% NaCl Water correctly (Step B)
[22m[39m🧪 START: BZ3/B Calculations
  --- A. Total Materials Weight ---
  Formula: 194 (RC-417 Total) + 10 (Mg(OH)2) + 5 (Activated Carbon)
  Raw Result (AD21): 209
  ✅ SET: bz3Calculations.totalWeightOfMaterials = 209
  --- B. Initial 15% NaCl Water (T24) ---
  Input Decimals: RC417 Moisture: 0.1, Std Moisture: 0.395, NaCl %: 0.15
  Denominator: 1 - 0.15 - 0.395 = 0.45499999999999996
  Numerator: (209 * 0.395) - (194 * 0.1) = 63.155
  Raw Result (T24): 20.82032967032967
  --- C. Intermediate Water (AD24) ---
  Formula: (20.82032967032967 / 0.15) * 0.85
  Raw Result (AD24): 117.98186813186814
  --- D. Total NaCl Water (T24 + AD24) ---
  Formula: 20.82032967032967 (T24 Raw) + 117.98186813186814 (AD24 Raw)
  Raw Sum: 138.8021978021978
  ✅ SET: bz3Calculations.totalNaclWater = 138.8021978021978
  --- E. Final 15% NaCl Water (V25) ---
  Formula: 138.8021978021978 (Total NaCl Water) / 1.2 (Spec Grav)
  Raw Result: 115.66849816849818
  ✅ SET: bz3Calculations.naclWater15 = 115.66849816849818
  ✅ SET: bz3Calculations.lminRate = (115.66849816849818 / 20) -> 6
  --- F. Total Weight with NCR ---
  Sum: 209 (Total Materials) + 138.8021978021978 (Total NaCl Water) + 50 (NCR Genmatsu)
  Raw Result: 397.80219780219784
  ✅ SET: bz3Calculations.totalWeightWithNcr = 397.80219780219784
🧪 START: BZ3/B Calculations
  --- A. Total Materials Weight ---
  Formula: 194 (RC-417 Total) + 10 (Mg(OH)2) + 5 (Activated Carbon)
  Raw Result (AD21): 209
  ✅ SET: bz3Calculations.totalWeightOfMaterials = 209
  --- B. Initial 15% NaCl Water (T24) ---
  Input Decimals: RC417 Moisture: 0.1, Std Moisture: 0.395, NaCl %: 0.15
  Denominator: 1 - 0.15 - 0.395 = 0.45499999999999996
  Numerator: (209 * 0.395) - (194 * 0.1) = 63.155
  Raw Result (T24): 20.82032967032967
  --- C. Intermediate Water (AD24) ---
  Formula: (20.82032967032967 / 0.15) * 0.85
  Raw Result (AD24): 117.98186813186814
  --- D. Total NaCl Water (T24 + AD24) ---
  Formula: 20.82032967032967 (T24 Raw) + 117.98186813186814 (AD24 Raw)
  Raw Sum: 138.8021978021978
  ✅ SET: bz3Calculations.totalNaclWater = 138.8021978021978
  --- E. Final 15% NaCl Water (V25) ---
  Formula: 138.8021978021978 (Total NaCl Water) / 1.2 (Spec Grav)
  Raw Result: 115.66849816849818
  ✅ SET: bz3Calculations.naclWater15 = 115.66849816849818
  ✅ SET: bz3Calculations.lminRate = (115.66849816849818 / 20) -> 6
  --- F. Total Weight with NCR ---
  Sum: 209 (Total Materials) + 138.8021978021978 (Total NaCl Water) + 50 (NCR Genmatsu)
  Raw Result: 397.80219780219784
  ✅ SET: bz3Calculations.totalWeightWithNcr = 397.80219780219784

[90mstderr[2m | src/components/formGen/pages/GEN_B/BZ3-B_Form/BZ3-BFormStep2.test.tsx[2m > [22m[2mBZ3-B FormStep2 
Calculations[2m > [22m[2mcalculates Initial 15% NaCl Water correctly (Step B)
[22m[39mWarning: An update to TestWrapper inside a test was not wrapped in act(...).

When testing, code that causes React state updates should be wrapped into act(...):

act(() => {
  /* fire events that update state */
});
/* assert on the output */

This ensures that you're testing the behavior the user would see in the browser. Learn more at 
https://reactjs.org/link/wrap-tests-with-act
    at TestWrapper 
(C:/Projects/genmatsu-fullstack/frontend/src/components/formGen/pages/GEN_B/BZ3-B_Form/BZ3-BFormStep2.test.tsx:33:24)
Warning: An update to TestWrapper inside a test was not wrapped in act(...).

When testing, code that causes React state updates should be wrapped into act(...):

act(() => {
  /* fire events that update state */
});
/* assert on the output */

This ensures that you're testing the behavior the user would see in the browser. Learn more at 
https://reactjs.org/link/wrap-tests-with-act
    at TestWrapper 
(C:/Projects/genmatsu-fullstack/frontend/src/components/formGen/pages/GEN_B/BZ3-B_Form/BZ3-BFormStep2.test.tsx:33:24)

[90mstdout[2m | src/components/formGen/pages/GEN_B/BS3_Form/BS3FormStep2.test.tsx[2m > [22m[2mBS3 FormStep2 Calculations[2m > [22m[2mcalculates Final 4% NaCl Water and L/min correctly (Step E)
[22m[39m🚀 --- [START] เริ่มการคำนวณ BS3 --- 🚀
===== ⚙️ [Step 2] ค่า Input ที่แปลงเป็นตัวเลขแล้ว ===== {
  rc417Total: [33m194[39m,
  magnesiumHydroxide: [33m10[39m,
  activatedCarbon: [33m5[39m,
  GypsumPlaster: [33m20[39m,
  ncrGenmatsu: [33m50[39m
}
--- ขั้นตอน A: Total Materials (AD21) ---
  [A1] คำนวณ: 194 + 10 + 5 + 20
  [A2] ผลลัพธ์ดิบ (calculatedTotalMaterials): [33m229[39m
  [A3] 🚀 setValue('bs3Calculations.totalWeightOfMaterials'): 229.00
--- ขั้นตอน B: Initial 4% NaCl Water (rawInitialNaclWater15 / T24) ---
  [B1] Input (rc417WaterContent): [33m10[39m
  [B2] ✅ ผ่านเงื่อนไข (rc417WaterContent มีค่า)
  [B3] ตัวแปรที่ใช้คำนวณ: {
    Q21_decimal: [33m0.1[39m,
    Q20: [33m194[39m,
    AD21: [33m229[39m,
    Q22_decimal: [33m0.4525[39m,
    O23_decimal: [33m0.04[39m
  }
  [B4] ตัวหาร (Denominator): 1 - 0.04 - 0.4525 = [33m0.5075[39m
  [B5] ✅ ผ่านเงื่อนไข (ตัวหารไม่ใช่ 0)
  [B6] ตัวตั้ง (Numerator): (229 * 0.4525) - (194 * 0.1) = [33m84.2225[39m
  [B7] ผลลัพธ์ดิบ (rawInitialNaclWater15): (84.2225 / 0.5075) * 0.04 = [33m6.638226600985222[39m
--- ขั้นตอน C: Intermediate Water (rawIntermediateWater / AD24) ---
  [C1] Input (rawInitialNaclWater15 จาก B): [33m6.638226600985222[39m
  [C2] ✅ ผ่านเงื่อนไข (Input จาก B ไม่ใช่ null)
  [C3] ตัวแปร (O23_decimal): [33m0.04[39m
  [C4] ✅ ผ่านเงื่อนไข (O23_decimal ไม่ใช่ 0)
  [C5] ผลลัพธ์ดิบ (rawIntermediateWater): (6.638226600985222 / 0.04) * (1 - 0.04) = [33m159.3174384236453[39m
--- ขั้นตอน D: Total NaCl water (totalNaclWaterResult / AD25) ---
  [D1] Input (rc417WaterContent): [33m10[39m
--- ขั้นตอน E: Final 4% NaCl Water & L/min ---
  [E1] ค่า Input ที่ดึงมา: {
    [32m'totalNaclWaterResult_จากขั้นตอนD'[39m: [33m165.96[39m,
    [32m'naclWaterSpecGrav_จากWatch'[39m: [33m1.2[39m
  }
  [E2] แปลง Specific Gravity (W23): [33m1.2[39m
  [E3] ✅ ผ่านเงื่อนไข (W23 !== 0)
  [E4] แปลง Total NaCl (จาก D) เป็นตัวเลข: [33m165.96[39m
  [E5] คำนวณสูตรดิบ (165.96 / 1.2): [33m138.3[39m
  [E6] ปัดเศษผลลัพธ์ (toFixed(0)): [33m138[39m
  [E7] 🚀 setValue('bs3Calculations.naclWater4'): [33m138[39m
  [E8] 🚀 setValue('rawMaterials.sodiumChloride'): [33m138[39m
  [E9] ค่า Input สำหรับ L/min Rate (จาก E6): [33m138[39m
  [E10] คำนวณ L/min Rate (138 / 20): [33m6.9[39m
  [E11] 🚀 setValue('bs3Calculations.lminRate' (ปัดเศษ หรือ null)): 7
--- ขั้นตอน F: Total weight + NCR (totalWeightWithNcrResult) ---
  [F1] Input (totalNaclWaterResult จาก D): [33m165.96[39m
  [F2] ✅ ผ่านเงื่อนไข (Input จาก D ไม่ใช่ null)
  [F3] ตัวแปรที่ใช้คำนวณ: { AD21_final: [33m229[39m, AD25_final: [33m165.96[39m, U14_final: [33m50[39m }
  [F4] คำนวณ: 229 + 165.96 + 50+ 0 = [33m444.96000000000004[39m
  [F5] ผลลัพธ์ (totalWeightWithNcrResult) (ปัดเศษ .toFixed(2)): [33m444.96[39m
  [F6] 🚀 setValue('bs3Calculations.totalWeightWithNcr'): [33m444.96[39m
🚀 --- [END] สิ้นสุดการคำนวณ BS3 --- 🚀

[90mstdout[2m | src/components/formGen/components/forms/SharedFormStep4_GENB.test.tsx[2m > [22m[2mSharedFormStep4_GENB (useEffect Calculations)[2m > [22m[2mเทส 1: ควรคำนวณ "calculatedProduct" (cans * 12) ถูกต้อง
[22m[39m--- 1. Quantity of Product Calculation ---
Input (Cans): [33m1[39m
Calculation: 1 * 12 = 12
Output (Formatted): 12.00
--- 2. Yield % Calculation ---
Inputs:
  Calculated Product: 12.00
 Final Total Weight (bz3Calculations.totalWeightWithNcr): null

[90mstderr[2m | src/components/formGen/components/forms/SharedFormStep4_GENB.test.tsx[2m > 
[22m[2mSharedFormStep4_GENB (useEffect Calculations)[2m > [22m[2mเทส 1: ควรคำนวณ "calculatedProduct" (cans * 12) 
ถูกต้อง
[22m[39mCondition: Skip Yield % calculation because Product or Final Weight is 0 or invalid. Setting Yield % to null.

[90mstdout[2m | src/components/formGen/pages/GEN_B/BS3_Form/BS3FormStep2.test.tsx[2m > [22m[2mBS3 FormStep2 Calculations[2m > [22m[2mcalculates Total Weight with NCR correctly (Step F)
[22m[39m🚀 --- [START] เริ่มการคำนวณ BS3 --- 🚀
===== ⚙️ [Step 2] ค่า Input ที่แปลงเป็นตัวเลขแล้ว ===== {
  rc417Total: [33m194[39m,
  magnesiumHydroxide: [33m10[39m,
  activatedCarbon: [33m5[39m,
  GypsumPlaster: [33m20[39m,
  ncrGenmatsu: [33m50[39m
}
--- ขั้นตอน A: Total Materials (AD21) ---
  [A1] คำนวณ: 194 + 10 + 5 + 20
  [A2] ผลลัพธ์ดิบ (calculatedTotalMaterials): [33m229[39m
  [A3] 🚀 setValue('bs3Calculations.totalWeightOfMaterials'): 229.00
--- ขั้นตอน B: Initial 4% NaCl Water (rawInitialNaclWater15 / T24) ---
  [B1] Input (rc417WaterContent): [33m10[39m
  [B2] ✅ ผ่านเงื่อนไข (rc417WaterContent มีค่า)
  [B3] ตัวแปรที่ใช้คำนวณ: {
    Q21_decimal: [33m0.1[39m,
    Q20: [33m194[39m,
    AD21: [33m229[39m,
    Q22_decimal: [33m0.4525[39m,
    O23_decimal: [33m0.04[39m
  }
  [B4] ตัวหาร (Denominator): 1 - 0.04 - 0.4525 = [33m0.5075[39m
  [B5] ✅ ผ่านเงื่อนไข (ตัวหารไม่ใช่ 0)
  [B6] ตัวตั้ง (Numerator): (229 * 0.4525) - (194 * 0.1) = [33m84.2225[39m
  [B7] ผลลัพธ์ดิบ (rawInitialNaclWater15): (84.2225 / 0.5075) * 0.04 = [33m6.638226600985222[39m
--- ขั้นตอน C: Intermediate Water (rawIntermediateWater / AD24) ---
  [C1] Input (rawInitialNaclWater15 จาก B): [33m6.638226600985222[39m
  [C2] ✅ ผ่านเงื่อนไข (Input จาก B ไม่ใช่ null)
  [C3] ตัวแปร (O23_decimal): [33m0.04[39m
  [C4] ✅ ผ่านเงื่อนไข (O23_decimal ไม่ใช่ 0)
  [C5] ผลลัพธ์ดิบ (rawIntermediateWater): (6.638226600985222 / 0.04) * (1 - 0.04) = [33m159.3174384236453[39m
--- ขั้นตอน D: Total NaCl water (totalNaclWaterResult / AD25) ---
  [D1] Input (rc417WaterContent): [33m10[39m
--- ขั้นตอน E: Final 4% NaCl Water & L/min ---
  [E1] ค่า Input ที่ดึงมา: {
    [32m'totalNaclWaterResult_จากขั้นตอนD'[39m: [33m165.96[39m,
    [32m'naclWaterSpecGrav_จากWatch'[39m: [33m1.2[39m
  }
  [E2] แปลง Specific Gravity (W23): [33m1.2[39m
  [E3] ✅ ผ่านเงื่อนไข (W23 !== 0)
  [E4] แปลง Total NaCl (จาก D) เป็นตัวเลข: [33m165.96[39m
  [E5] คำนวณสูตรดิบ (165.96 / 1.2): [33m138.3[39m
  [E6] ปัดเศษผลลัพธ์ (toFixed(0)): [33m138[39m
  [E7] 🚀 setValue('bs3Calculations.naclWater4'): [33m138[39m
  [E8] 🚀 setValue('rawMaterials.sodiumChloride'): [33m138[39m
  [E9] ค่า Input สำหรับ L/min Rate (จาก E6): [33m138[39m
  [E10] คำนวณ L/min Rate (138 / 20): [33m6.9[39m
  [E11] 🚀 setValue('bs3Calculations.lminRate' (ปัดเศษ หรือ null)): 7
--- ขั้นตอน F: Total weight + NCR (totalWeightWithNcrResult) ---
  [F1] Input (totalNaclWaterResult จาก D): [33m165.96[39m
  [F2] ✅ ผ่านเงื่อนไข (Input จาก D ไม่ใช่ null)
  [F3] ตัวแปรที่ใช้คำนวณ: { AD21_final: [33m229[39m, AD25_final: [33m165.96[39m, U14_final: [33m50[39m }
  [F4] คำนวณ: 229 + 165.96 + 50+ 0 = [33m444.96000000000004[39m
  [F5] ผลลัพธ์ (totalWeightWithNcrResult) (ปัดเศษ .toFixed(2)): [33m444.96[39m
  [F6] 🚀 setValue('bs3Calculations.totalWeightWithNcr'): [33m444.96[39m
🚀 --- [END] สิ้นสุดการคำนวณ BS3 --- 🚀

 [32m✓[39m src/components/formGen/pages/GEN_B/BS3_Form/BS3FormStep2.test.tsx [2m([22m[2m5 tests[22m[2m)[22m[33m 461[2mms[22m[39m
[90mstdout[2m | src/components/formGen/components/forms/SharedFormStep4_GENB.test.tsx[2m > [22m[2mSharedFormStep4_GENB (useEffect Calculations)[2m > [22m[2mเทส 1: ควรคำนวณ "calculatedProduct" (cans * 12) ถูกต้อง
[22m[39m--- 1. Quantity of Product Calculation ---
Input (Cans): [33m10[39m
Calculation: 10 * 12 = 120
Output (Formatted): 120.00
--- 2. Yield % Calculation ---
Inputs:
  Calculated Product: 120.00
 Final Total Weight (bz3Calculations.totalWeightWithNcr): null

[90mstdout[2m | src/components/formGen/pages/GEN_B/BZ3-B_Form/BZ3-BFormStep2.test.tsx[2m > [22m[2mBZ3-B FormStep2 Calculations[2m > [22m[2mcalculates Total NaCl Water correctly (Step D)
[22m[39m🧪 START: BZ3/B Calculations
  --- A. Total Materials Weight ---
  Formula: 194 (RC-417 Total) + 10 (Mg(OH)2) + 5 (Activated Carbon)
  Raw Result (AD21): 209
  ✅ SET: bz3Calculations.totalWeightOfMaterials = 209
  --- B. Initial 15% NaCl Water (T24) ---
  Input Decimals: RC417 Moisture: 0.1, Std Moisture: 0.395, NaCl %: 0.15
  Denominator: 1 - 0.15 - 0.395 = 0.45499999999999996
  Numerator: (209 * 0.395) - (194 * 0.1) = 63.155
  Raw Result (T24): 20.82032967032967
  --- C. Intermediate Water (AD24) ---
  Formula: (20.82032967032967 / 0.15) * 0.85
  Raw Result (AD24): 117.98186813186814
  --- D. Total NaCl Water (T24 + AD24) ---
  Formula: 20.82032967032967 (T24 Raw) + 117.98186813186814 (AD24 Raw)
  Raw Sum: 138.8021978021978
  ✅ SET: bz3Calculations.totalNaclWater = 138.8021978021978
  --- E. Final 15% NaCl Water (V25) ---
  Formula: 138.8021978021978 (Total NaCl Water) / 1.2 (Spec Grav)
  Raw Result: 115.66849816849818
  ✅ SET: bz3Calculations.naclWater15 = 115.66849816849818
  ✅ SET: bz3Calculations.lminRate = (115.66849816849818 / 20) -> 6
  --- F. Total Weight with NCR ---
  Sum: 209 (Total Materials) + 138.8021978021978 (Total NaCl Water) + 50 (NCR Genmatsu)
  Raw Result: 397.80219780219784
  ✅ SET: bz3Calculations.totalWeightWithNcr = 397.80219780219784
🧪 START: BZ3/B Calculations
  --- A. Total Materials Weight ---
  Formula: 194 (RC-417 Total) + 10 (Mg(OH)2) + 5 (Activated Carbon)
  Raw Result (AD21): 209
  ✅ SET: bz3Calculations.totalWeightOfMaterials = 209
  --- B. Initial 15% NaCl Water (T24) ---
  Input Decimals: RC417 Moisture: 0.1, Std Moisture: 0.395, NaCl %: 0.15
  Denominator: 1 - 0.15 - 0.395 = 0.45499999999999996
  Numerator: (209 * 0.395) - (194 * 0.1) = 63.155
  Raw Result (T24): 20.82032967032967
  --- C. Intermediate Water (AD24) ---
  Formula: (20.82032967032967 / 0.15) * 0.85
  Raw Result (AD24): 117.98186813186814
  --- D. Total NaCl Water (T24 + AD24) ---
  Formula: 20.82032967032967 (T24 Raw) + 117.98186813186814 (AD24 Raw)
  Raw Sum: 138.8021978021978
  ✅ SET: bz3Calculations.totalNaclWater = 138.8021978021978
  --- E. Final 15% NaCl Water (V25) ---
  Formula: 138.8021978021978 (Total NaCl Water) / 1.2 (Spec Grav)
  Raw Result: 115.66849816849818
  ✅ SET: bz3Calculations.naclWater15 = 115.66849816849818
  ✅ SET: bz3Calculations.lminRate = (115.66849816849818 / 20) -> 6
  --- F. Total Weight with NCR ---
  Sum: 209 (Total Materials) + 138.8021978021978 (Total NaCl Water) + 50 (NCR Genmatsu)
  Raw Result: 397.80219780219784
  ✅ SET: bz3Calculations.totalWeightWithNcr = 397.80219780219784

[90mstderr[2m | src/components/formGen/components/forms/SharedFormStep4_GENB.test.tsx[2m > 
[22m[2mSharedFormStep4_GENB (useEffect Calculations)[2m > [22m[2mเทส 1: ควรคำนวณ "calculatedProduct" (cans * 12) 
ถูกต้อง
[22m[39mCondition: Skip Yield % calculation because Product or Final Weight is 0 or invalid. Setting Yield % to null.

[90mstdout[2m | src/components/formGen/pages/GEN_B/BZ3-B_Form/BZ3-BFormStep2.test.tsx[2m > [22m[2mBZ3-B FormStep2 Calculations[2m > [22m[2mcalculates Final 15% NaCl Water and L/min correctly (Step E)
[22m[39m🧪 START: BZ3/B Calculations
  --- A. Total Materials Weight ---
  Formula: 194 (RC-417 Total) + 10 (Mg(OH)2) + 5 (Activated Carbon)
  Raw Result (AD21): 209
  ✅ SET: bz3Calculations.totalWeightOfMaterials = 209
  --- B. Initial 15% NaCl Water (T24) ---
  Input Decimals: RC417 Moisture: 0.1, Std Moisture: 0.395, NaCl %: 0.15
  Denominator: 1 - 0.15 - 0.395 = 0.45499999999999996
  Numerator: (209 * 0.395) - (194 * 0.1) = 63.155
  Raw Result (T24): 20.82032967032967
  --- C. Intermediate Water (AD24) ---
  Formula: (20.82032967032967 / 0.15) * 0.85
  Raw Result (AD24): 117.98186813186814
  --- D. Total NaCl Water (T24 + AD24) ---
  Formula: 20.82032967032967 (T24 Raw) + 117.98186813186814 (AD24 Raw)
  Raw Sum: 138.8021978021978
  ✅ SET: bz3Calculations.totalNaclWater = 138.8021978021978
  --- E. Final 15% NaCl Water (V25) ---
  Formula: 138.8021978021978 (Total NaCl Water) / 1.2 (Spec Grav)
  Raw Result: 115.66849816849818
  ✅ SET: bz3Calculations.naclWater15 = 115.66849816849818
  ✅ SET: bz3Calculations.lminRate = (115.66849816849818 / 20) -> 6
  --- F. Total Weight with NCR ---
  Sum: 209 (Total Materials) + 138.8021978021978 (Total NaCl Water) + 50 (NCR Genmatsu)
  Raw Result: 397.80219780219784
  ✅ SET: bz3Calculations.totalWeightWithNcr = 397.80219780219784
🧪 START: BZ3/B Calculations
  --- A. Total Materials Weight ---
  Formula: 194 (RC-417 Total) + 10 (Mg(OH)2) + 5 (Activated Carbon)
  Raw Result (AD21): 209
  ✅ SET: bz3Calculations.totalWeightOfMaterials = 209
  --- B. Initial 15% NaCl Water (T24) ---
  Input Decimals: RC417 Moisture: 0.1, Std Moisture: 0.395, NaCl %: 0.15
  Denominator: 1 - 0.15 - 0.395 = 0.45499999999999996
  Numerator: (209 * 0.395) - (194 * 0.1) = 63.155
  Raw Result (T24): 20.82032967032967
  --- C. Intermediate Water (AD24) ---
  Formula: (20.82032967032967 / 0.15) * 0.85
  Raw Result (AD24): 117.98186813186814
  --- D. Total NaCl Water (T24 + AD24) ---
  Formula: 20.82032967032967 (T24 Raw) + 117.98186813186814 (AD24 Raw)
  Raw Sum: 138.8021978021978
  ✅ SET: bz3Calculations.totalNaclWater = 138.8021978021978
  --- E. Final 15% NaCl Water (V25) ---
  Formula: 138.8021978021978 (Total NaCl Water) / 1.2 (Spec Grav)
  Raw Result: 115.66849816849818
  ✅ SET: bz3Calculations.naclWater15 = 115.66849816849818
  ✅ SET: bz3Calculations.lminRate = (115.66849816849818 / 20) -> 6
  --- F. Total Weight with NCR ---
  Sum: 209 (Total Materials) + 138.8021978021978 (Total NaCl Water) + 50 (NCR Genmatsu)
  Raw Result: 397.80219780219784
  ✅ SET: bz3Calculations.totalWeightWithNcr = 397.80219780219784

[90mstdout[2m | src/components/formGen/components/forms/SharedFormStep4_GENB.test.tsx[2m > [22m[2mSharedFormStep4_GENB (useEffect Calculations)[2m > [22m[2mเทส 2: ควรคำนวณ "yieldPercent" ((calc / total) * 100) ถูกต้อง
[22m[39m--- 1. Quantity of Product Calculation ---
Input (Cans): [1mnull[22m
Calculation: 0 * 12 = 0
Output: null
--- 2. Yield % Calculation ---
Inputs:
  Calculated Product: null
 Final Total Weight (bz3Calculations.totalWeightWithNcr): null

[90mstderr[2m | src/components/formGen/components/forms/SharedFormStep4_GENB.test.tsx[2m > 
[22m[2mSharedFormStep4_GENB (useEffect Calculations)[2m > [22m[2mเทส 2: ควรคำนวณ "yieldPercent" ((calc / total) * 
100) ถูกต้อง
[22m[39mCondition: Skip Yield % calculation because Product or Final Weight is 0 or invalid. Setting Yield % to null.

[90mstdout[2m | src/components/formGen/pages/GEN_B/BZ3-B_Form/BZ3-BFormStep2.test.tsx[2m > [22m[2mBZ3-B FormStep2 Calculations[2m > [22m[2mcalculates Total Weight with NCR correctly (Step F)
[22m[39m🧪 START: BZ3/B Calculations
  --- A. Total Materials Weight ---
  Formula: 194 (RC-417 Total) + 10 (Mg(OH)2) + 5 (Activated Carbon)
  Raw Result (AD21): 209
  ✅ SET: bz3Calculations.totalWeightOfMaterials = 209
  --- B. Initial 15% NaCl Water (T24) ---
  Input Decimals: RC417 Moisture: 0.1, Std Moisture: 0.395, NaCl %: 0.15
  Denominator: 1 - 0.15 - 0.395 = 0.45499999999999996
  Numerator: (209 * 0.395) - (194 * 0.1) = 63.155
  Raw Result (T24): 20.82032967032967
  --- C. Intermediate Water (AD24) ---
  Formula: (20.82032967032967 / 0.15) * 0.85
  Raw Result (AD24): 117.98186813186814
  --- D. Total NaCl Water (T24 + AD24) ---
  Formula: 20.82032967032967 (T24 Raw) + 117.98186813186814 (AD24 Raw)
  Raw Sum: 138.8021978021978
  ✅ SET: bz3Calculations.totalNaclWater = 138.8021978021978
  --- E. Final 15% NaCl Water (V25) ---
  Formula: 138.8021978021978 (Total NaCl Water) / 1.2 (Spec Grav)
  Raw Result: 115.66849816849818
  ✅ SET: bz3Calculations.naclWater15 = 115.66849816849818
  ✅ SET: bz3Calculations.lminRate = (115.66849816849818 / 20) -> 6
  --- F. Total Weight with NCR ---
  Sum: 209 (Total Materials) + 138.8021978021978 (Total NaCl Water) + 50 (NCR Genmatsu)
  Raw Result: 397.80219780219784
  ✅ SET: bz3Calculations.totalWeightWithNcr = 397.80219780219784
🧪 START: BZ3/B Calculations
  --- A. Total Materials Weight ---
  Formula: 194 (RC-417 Total) + 10 (Mg(OH)2) + 5 (Activated Carbon)
  Raw Result (AD21): 209
  ✅ SET: bz3Calculations.totalWeightOfMaterials = 209
  --- B. Initial 15% NaCl Water (T24) ---
  Input Decimals: RC417 Moisture: 0.1, Std Moisture: 0.395, NaCl %: 0.15
  Denominator: 1 - 0.15 - 0.395 = 0.45499999999999996
  Numerator: (209 * 0.395) - (194 * 0.1) = 63.155
  Raw Result (T24): 20.82032967032967
  --- C. Intermediate Water (AD24) ---
  Formula: (20.82032967032967 / 0.15) * 0.85
  Raw Result (AD24): 117.98186813186814
  --- D. Total NaCl Water (T24 + AD24) ---
  Formula: 20.82032967032967 (T24 Raw) + 117.98186813186814 (AD24 Raw)
  Raw Sum: 138.8021978021978
  ✅ SET: bz3Calculations.totalNaclWater = 138.8021978021978
  --- E. Final 15% NaCl Water (V25) ---
  Formula: 138.8021978021978 (Total NaCl Water) / 1.2 (Spec Grav)
  Raw Result: 115.66849816849818
  ✅ SET: bz3Calculations.naclWater15 = 115.66849816849818
  ✅ SET: bz3Calculations.lminRate = (115.66849816849818 / 20) -> 6
  --- F. Total Weight with NCR ---
  Sum: 209 (Total Materials) + 138.8021978021978 (Total NaCl Water) + 50 (NCR Genmatsu)
  Raw Result: 397.80219780219784
  ✅ SET: bz3Calculations.totalWeightWithNcr = 397.80219780219784

 [32m✓[39m src/components/formGen/pages/GEN_B/BZ3-B_Form/BZ3-BFormStep2.test.tsx [2m([22m[2m5 tests[22m[2m)[22m[33m 731[2mms[22m[39m
[90mstdout[2m | src/components/formGen/components/forms/SharedFormStep4_GENB.test.tsx[2m > [22m[2mSharedFormStep4_GENB (useEffect Calculations)[2m > [22m[2mเทส 2: ควรคำนวณ "yieldPercent" ((calc / total) * 100) ถูกต้อง
[22m[39m--- 1. Quantity of Product Calculation ---
Input (Cans): [33m1[39m
Calculation: 1 * 12 = 12
Output (Formatted): 12.00
--- 2. Yield % Calculation ---
Inputs:
  Calculated Product: 12.00
 Final Total Weight (bz3Calculations.totalWeightWithNcr): null

[90mstderr[2m | src/components/formGen/components/forms/SharedFormStep4_GENB.test.tsx[2m > 
[22m[2mSharedFormStep4_GENB (useEffect Calculations)[2m > [22m[2mเทส 2: ควรคำนวณ "yieldPercent" ((calc / total) * 
100) ถูกต้อง
[22m[39mCondition: Skip Yield % calculation because Product or Final Weight is 0 or invalid. Setting Yield % to null.

[90mstdout[2m | src/components/formGen/components/forms/SharedFormStep4_GENB.test.tsx[2m > [22m[2mSharedFormStep4_GENB (useEffect Calculations)[2m > [22m[2mเทส 2: ควรคำนวณ "yieldPercent" ((calc / total) * 100) ถูกต้อง
[22m[39m--- 1. Quantity of Product Calculation ---
Input (Cans): [33m10[39m
Calculation: 10 * 12 = 120
Output (Formatted): 120.00
--- 2. Yield % Calculation ---
Inputs:
  Calculated Product: 120.00
 Final Total Weight (bz3Calculations.totalWeightWithNcr): null

[90mstderr[2m | src/components/formGen/components/forms/SharedFormStep4_GENB.test.tsx[2m > 
[22m[2mSharedFormStep4_GENB (useEffect Calculations)[2m > [22m[2mเทส 2: ควรคำนวณ "yieldPercent" ((calc / total) * 
100) ถูกต้อง
[22m[39mCondition: Skip Yield % calculation because Product or Final Weight is 0 or invalid. Setting Yield % to null.

[90mstdout[2m | src/components/formGen/components/forms/SharedFormStep4_GENB.test.tsx[2m > [22m[2mSharedFormStep4_GENB (useEffect Calculations)[2m > [22m[2mเทส 2: ควรคำนวณ "yieldPercent" ((calc / total) * 100) ถูกต้อง
[22m[39m--- 2. Yield % Calculation ---
Inputs:
  Calculated Product: 120.00
 Final Total Weight (bz3Calculations.totalWeightWithNcr): 1
Calculation: (120 / 1) * 100 = 12000
Formatted Result: 12000.00

[90mstdout[2m | src/components/formGen/components/forms/SharedFormStep4_GENB.test.tsx[2m > [22m[2mSharedFormStep4_GENB (useEffect Calculations)[2m > [22m[2mเทส 2: ควรคำนวณ "yieldPercent" ((calc / total) * 100) ถูกต้อง
[22m[39m--- 2. Yield % Calculation ---
Inputs:
  Calculated Product: 120.00
 Final Total Weight (bz3Calculations.totalWeightWithNcr): 10
Calculation: (120 / 10) * 100 = 1200
Formatted Result: 1200.00

[90mstdout[2m | src/components/formGen/components/forms/SharedFormStep4_GENB.test.tsx[2m > [22m[2mSharedFormStep4_GENB (useEffect Calculations)[2m > [22m[2mเทส 2: ควรคำนวณ "yieldPercent" ((calc / total) * 100) ถูกต้อง
[22m[39m--- 2. Yield % Calculation ---
Inputs:
  Calculated Product: 120.00
 Final Total Weight (bz3Calculations.totalWeightWithNcr): 100
Calculation: (120 / 100) * 100 = 120
Formatted Result: 120.00

[90mstdout[2m | src/components/formGen/components/forms/SharedFormStep4_GENB.test.tsx[2m > [22m[2mSharedFormStep4_GENB (useEffect Calculations)[2m > [22m[2mเทส 2: ควรคำนวณ "yieldPercent" ((calc / total) * 100) ถูกต้อง
[22m[39m--- 2. Yield % Calculation ---
Inputs:
  Calculated Product: 120.00
 Final Total Weight (bz3Calculations.totalWeightWithNcr): 1000
Calculation: (120 / 1000) * 100 = 12
Formatted Result: 12.00

[90mstdout[2m | src/components/formGen/components/forms/SharedFormStep4_GENB.test.tsx[2m > [22m[2mSharedFormStep4_GENB (useEffect Calculations)[2m > [22m[2mเทส 3: ควรตั้งค่า Yield เป็น "" (null) ถ้า FinalWeight เป็น 0
[22m[39m--- 1. Quantity of Product Calculation ---
Input (Cans): [1mnull[22m
Calculation: 0 * 12 = 0
Output: null
--- 2. Yield % Calculation ---
Inputs:
  Calculated Product: null
 Final Total Weight (bz3Calculations.totalWeightWithNcr): null

[90mstderr[2m | src/components/formGen/components/forms/SharedFormStep4_GENB.test.tsx[2m > 
[22m[2mSharedFormStep4_GENB (useEffect Calculations)[2m > [22m[2mเทส 3: ควรตั้งค่า Yield เป็น "" (null) ถ้า 
FinalWeight เป็น 0
[22m[39mCondition: Skip Yield % calculation because Product or Final Weight is 0 or invalid. Setting Yield % to null.

[90mstdout[2m | src/components/formGen/components/forms/SharedFormStep4_GENB.test.tsx[2m > [22m[2mSharedFormStep4_GENB (useEffect Calculations)[2m > [22m[2mเทส 3: ควรตั้งค่า Yield เป็น "" (null) ถ้า FinalWeight เป็น 0
[22m[39m--- 1. Quantity of Product Calculation ---
Input (Cans): [33m1[39m
Calculation: 1 * 12 = 12
Output (Formatted): 12.00
--- 2. Yield % Calculation ---
Inputs:
  Calculated Product: 12.00
 Final Total Weight (bz3Calculations.totalWeightWithNcr): null

[90mstderr[2m | src/components/formGen/components/forms/SharedFormStep4_GENB.test.tsx[2m > 
[22m[2mSharedFormStep4_GENB (useEffect Calculations)[2m > [22m[2mเทส 3: ควรตั้งค่า Yield เป็น "" (null) ถ้า 
FinalWeight เป็น 0
[22m[39mCondition: Skip Yield % calculation because Product or Final Weight is 0 or invalid. Setting Yield % to null.

[90mstdout[2m | src/components/formGen/components/forms/SharedFormStep4_GENB.test.tsx[2m > [22m[2mSharedFormStep4_GENB (useEffect Calculations)[2m > [22m[2mเทส 3: ควรตั้งค่า Yield เป็น "" (null) ถ้า FinalWeight เป็น 0
[22m[39m--- 1. Quantity of Product Calculation ---
Input (Cans): [33m10[39m
Calculation: 10 * 12 = 120
Output (Formatted): 120.00
--- 2. Yield % Calculation ---
Inputs:
  Calculated Product: 120.00
 Final Total Weight (bz3Calculations.totalWeightWithNcr): null

[90mstderr[2m | src/components/formGen/components/forms/SharedFormStep4_GENB.test.tsx[2m > 
[22m[2mSharedFormStep4_GENB (useEffect Calculations)[2m > [22m[2mเทส 3: ควรตั้งค่า Yield เป็น "" (null) ถ้า 
FinalWeight เป็น 0
[22m[39mCondition: Skip Yield % calculation because Product or Final Weight is 0 or invalid. Setting Yield % to null.

[90mstdout[2m | src/components/formGen/components/forms/SharedFormStep4_GENB.test.tsx[2m > [22m[2mSharedFormStep4_GENB (useEffect Calculations)[2m > [22m[2mเทส 3: ควรตั้งค่า Yield เป็น "" (null) ถ้า FinalWeight เป็น 0
[22m[39m--- 2. Yield % Calculation ---
Inputs:
  Calculated Product: 120.00
 Final Total Weight (bz3Calculations.totalWeightWithNcr): 1
Calculation: (120 / 1) * 100 = 12000
Formatted Result: 12000.00

[90mstdout[2m | src/components/formGen/components/forms/SharedFormStep4_GENB.test.tsx[2m > [22m[2mSharedFormStep4_GENB (useEffect Calculations)[2m > [22m[2mเทส 3: ควรตั้งค่า Yield เป็น "" (null) ถ้า FinalWeight เป็น 0
[22m[39m--- 2. Yield % Calculation ---
Inputs:
  Calculated Product: 120.00
 Final Total Weight (bz3Calculations.totalWeightWithNcr): 10
Calculation: (120 / 10) * 100 = 1200
Formatted Result: 1200.00

[90mstdout[2m | src/components/formGen/components/forms/SharedFormStep4_GENB.test.tsx[2m > [22m[2mSharedFormStep4_GENB (useEffect Calculations)[2m > [22m[2mเทส 3: ควรตั้งค่า Yield เป็น "" (null) ถ้า FinalWeight เป็น 0
[22m[39m--- 2. Yield % Calculation ---
Inputs:
  Calculated Product: 120.00
 Final Total Weight (bz3Calculations.totalWeightWithNcr): 100
Calculation: (120 / 100) * 100 = 120
Formatted Result: 120.00

[90mstdout[2m | src/components/formGen/components/forms/SharedFormStep4_GENB.test.tsx[2m > [22m[2mSharedFormStep4_GENB (useEffect Calculations)[2m > [22m[2mเทส 3: ควรตั้งค่า Yield เป็น "" (null) ถ้า FinalWeight เป็น 0
[22m[39m--- 2. Yield % Calculation ---
Inputs:
  Calculated Product: 120.00
 Final Total Weight (bz3Calculations.totalWeightWithNcr): 1000
Calculation: (120 / 1000) * 100 = 12
Formatted Result: 12.00

[90mstdout[2m | src/components/formGen/components/forms/SharedFormStep4_GENB.test.tsx[2m > [22m[2mSharedFormStep4_GENB (useEffect Calculations)[2m > [22m[2mเทส 3: ควรตั้งค่า Yield เป็น "" (null) ถ้า FinalWeight เป็น 0
[22m[39m--- 2. Yield % Calculation ---
Inputs:
  Calculated Product: 120.00
 Final Total Weight (bz3Calculations.totalWeightWithNcr): NaN

[90mstderr[2m | src/components/formGen/components/forms/SharedFormStep4_GENB.test.tsx[2m > 
[22m[2mSharedFormStep4_GENB (useEffect Calculations)[2m > [22m[2mเทส 3: ควรตั้งค่า Yield เป็น "" (null) ถ้า 
FinalWeight เป็น 0
[22m[39mCondition: Skip Yield % calculation because Product or Final Weight is 0 or invalid. Setting Yield % to null.

[90mstdout[2m | src/components/formGen/components/forms/SharedFormStep4_GENB.test.tsx[2m > [22m[2mSharedFormStep4_GENB (useEffect Calculations)[2m > [22m[2mเทส 3: ควรตั้งค่า Yield เป็น "" (null) ถ้า FinalWeight เป็น 0
[22m[39m--- 2. Yield % Calculation ---
Inputs:
  Calculated Product: 120.00
 Final Total Weight (bz3Calculations.totalWeightWithNcr): 0

[90mstderr[2m | src/components/formGen/components/forms/SharedFormStep4_GENB.test.tsx[2m > 
[22m[2mSharedFormStep4_GENB (useEffect Calculations)[2m > [22m[2mเทส 3: ควรตั้งค่า Yield เป็น "" (null) ถ้า 
FinalWeight เป็น 0
[22m[39mCondition: Skip Yield % calculation because Product or Final Weight is 0 or invalid. Setting Yield % to null.

 [32m✓[39m src/components/formGen/components/forms/SharedFormStep4_GENB.test.tsx [2m([22m[2m3 tests[22m[2m)[22m[33m 1679[2mms[22m[39m
     [33m[2m✓[22m[39m เทส 1: ควรคำนวณ "calculatedProduct" (cans * 12) ถูกต้อง [33m 585[2mms[22m[39m
     [33m[2m✓[22m[39m เทส 2: ควรคำนวณ "yieldPercent" ((calc / total) * 100) ถูกต้อง [33m 499[2mms[22m[39m
     [33m[2m✓[22m[39m เทส 3: ควรตั้งค่า Yield เป็น "" (null) ถ้า FinalWeight เป็น 0 [33m 592[2mms[22m[39m
[90mstdout[2m | src/components/formGen/pages/GEN_B/BS_Form/BS_index.test.tsx[2m > [22m[2mBS_Form Component (หน้า Draft - Step 1)[2m > [22m[2mเทส 1: หน้า Step 1 ควรแสดงปุ่ม "Back" และ "Draft" แต่ "Next" ต้องไม่แสดง
[22m[39m--- 1. Quantity of Product Calculation ---
Input (Cans): []
Calculation: 0 * 12 = 0
Output: null
--- 2. Yield % Calculation ---
Inputs:
  Calculated Product: 
 Final Total Weight (calculations.finalTotalWeightFixed): 

[90mstdout[2m | src/components/formGen/pages/GEN_B/BZ_Form/BZ_index.test.tsx[2m > [22m[2mBZ_Form Component (หน้า Draft - Step 1)[2m > [22m[2mเทส 1: หน้า Step 1 ควรแสดงปุ่ม "Back" และ "Draft" แต่ "Next" ต้องไม่แสดง
[22m[39m📊 START: Excel Formula Calculations (ใช้ค่าดิบ)
  --- Input Values (ค่าที่ดึงมาจาก Form) ---
  [Y20] NaCl Table Value: 0
  [Q18] Total Weight: 0
  [Q19] NaCl Spec Grav: 0
  [Y18] Std Yield (Fixed): 800
  Magnesium Hydroxide: 0
  NCR Genmatsu: 0
  -------------------------------------------
  --- 1. Sodium Chloride --- (Skip: Input values are zero/null)
  --- 2. naclWaterCalc (W23) --- (Skip: Input values are zero/null)
  --- 5. finalTotalWeight --- (Skip: Total sum is zero)
--- 1. Quantity of Product Calculation ---
Input (Cans): []
Calculation: 0 * 12 = 0
Output: null
--- 2. Yield % Calculation ---
Inputs:
  Calculated Product: 
 Final Total Weight (calculations.finalTotalWeight): 

[90mstderr[2m | src/components/formGen/pages/GEN_B/BS_Form/BS_index.test.tsx[2m > [22m[2mBS_Form Component (หน้า 
Draft - Step 1)[2m > [22m[2mเทส 1: หน้า Step 1 ควรแสดงปุ่ม "Back" และ "Draft" แต่ "Next" ต้องไม่แสดง
[22m[39mCondition: Skip Yield % calculation because Product or Final Weight is 0 or invalid. Setting Yield % to null.

[90mstderr[2m | src/components/formGen/pages/GEN_B/BZ_Form/BZ_index.test.tsx[2m > [22m[2mBZ_Form Component (หน้า 
Draft - Step 1)[2m > [22m[2mเทส 1: หน้า Step 1 ควรแสดงปุ่ม "Back" และ "Draft" แต่ "Next" ต้องไม่แสดง
[22m[39mCondition: Skip Yield % calculation because Product or Final Weight is 0 or invalid. Setting Yield % to null.

 [32m✓[39m src/components/formGen/components/forms/ConditionCheckItem.test.tsx [2m([22m[2m5 tests[22m[2m)[22m[33m 2264[2mms[22m[39m
     [33m[2m✓[22m[39m เทส 1: ควรแสดง Title, Description, Reference, และ Warning ถูกต้อง [33m 443[2mms[22m[39m
     [33m[2m✓[22m[39m เทส 2: [Error] ควรแสดง Error "กรุณากรอกหมายเหตุ" เมื่อคลิก NG [33m 332[2mms[22m[39m
     [33m[2m✓[22m[39m เทส 3: [ผ่าน] ควร "ไม่" แสดง Error หมายเหตุ เมื่อคลิก OK [33m 328[2mms[22m[39m
     [33m[2m✓[22m[39m เทส 4: [ผ่าน] ควร "ไม่" แสดง Error เมื่อคลิก NG และ "กรอก" หมายเหตุ [33m 791[2mms[22m[39m
     [33m[2m✓[22m[39m เทส 5: [Error] ควรแสดง Error "กรุณาเลือกสถานะ" ถ้าไม่เลือกเลย [33m 356[2mms[22m[39m
[90mstdout[2m | src/components/formGen/pages/GEN_B/BS-B_Form/BS-B_index.test.tsx[2m > [22m[2mBS-B_Form Component (หน้า Draft - Step 1)[2m > [22m[2mเทส 1: หน้า Step 1 ควรแสดงปุ่ม "Back" และ "Draft" แต่ "Next" ต้องไม่แสดง
[22m[39m--- 1. Quantity of Product Calculation ---
Input (Cans): []
Calculation: 0 * 12 = 0
Output: null
--- 2. Yield % Calculation ---
Inputs:
  Calculated Product: 
 Final Total Weight (calculations.finalTotalWeightFixed): 

[90mstderr[2m | src/components/formGen/pages/GEN_B/BS-B_Form/BS-B_index.test.tsx[2m > [22m[2mBS-B_Form Component 
(หน้า Draft - Step 1)[2m > [22m[2mเทส 1: หน้า Step 1 ควรแสดงปุ่ม "Back" และ "Draft" แต่ "Next" ต้องไม่แสดง
[22m[39mCondition: Skip Yield % calculation because Product or Final Weight is 0 or invalid. Setting Yield % to null.

[90mstdout[2m | src/components/formGen/pages/GEN_B/BN_Form/BN_index.test.tsx[2m > [22m[2mBN_Form Component (หน้า Draft - Step 1)[2m > [22m[2mเทส 1: หน้า Step 1 ควรแสดงปุ่ม "Back" และ "Draft" แต่ "Next" ต้องไม่แสดง
[22m[39m📊 Excel Formula Calculations (Start)
  --- Input Values (num prefixed) ---
  naclBrewingTable (Y20): 0
  totalWeight (Q18): 0
  naclSpecGrav (Q19): 0
  stdYield (Y18 - Fixed): 1200
  Mg Hydroxide: 0
  NCR Genmatsu: 0
  Activated Carbon: 0
  Gypsum Plaster: 0
  ------------------------------------
  📝 Setting ZeoliteJikulite (CG1C): null
  📝 Setting ZeoliteNatto (CG2C): null
  --- 1. Sodium Chloride --- (Skip: Input is zero)
  --- 2. naclWaterCalc (W23) --- (Skip: Input is zero)
  --- 3. & 4. Water/Salt Calculation ---
  (Skip: naclWaterCalc Raw is null)
  ------------------------------------------
  --- 5. Final Total Weight ---
  Sum: 0 + 0 (Raw NaclWater) + 0 + 0 + 0 + 0
  Raw Total: 0
  ✅ Final Result (Rounded to 3): null
  -------------------------------
--- 1. Quantity of Product Calculation ---
Input (Cans): []
Calculation: 0 * 15 = 0
Output: null
--- 2. Yield % Calculation ---
Inputs:
  Calculated Product: 
 Final Total Weight (calculations.finalTotalWeightFixed): 

[90mstderr[2m | src/components/formGen/pages/GEN_B/BN_Form/BN_index.test.tsx[2m > [22m[2mBN_Form Component (หน้า 
Draft - Step 1)[2m > [22m[2mเทส 1: หน้า Step 1 ควรแสดงปุ่ม "Back" และ "Draft" แต่ "Next" ต้องไม่แสดง
[22m[39mCondition: Skip Yield % calculation because Product or Final Weight is 0 or invalid. Setting Yield % to null.

 [32m✓[39m src/components/formGen/components/forms/SharedFormStep4_GENA.test.tsx [2m([22m[2m3 tests[22m[2m)[22m[33m 2210[2mms[22m[39m
     [33m[2m✓[22m[39m เทส 1: ควรคำนวณ "calculatedProduct" (cans * 150 + tank) ถูกต้อง [33m 900[2mms[22m[39m
     [33m[2m✓[22m[39m เทส 2: ควรคำนวณ "yieldPercent" ((calc / total) * 100) ถูกต้อง [33m 685[2mms[22m[39m
     [33m[2m✓[22m[39m เทส 3: ควรตั้งค่า Yield เป็น "" (null) ถ้า FinalWeight เป็น 0 [33m 622[2mms[22m[39m
[90mstdout[2m | src/components/formGen/pages/GEN_B/BN_Form/BN_index.test.tsx[2m > [22m[2mBN_Form Component (หน้า Draft - Step 1)[2m > [22m[2mเทส 1: หน้า Step 1 ควรแสดงปุ่ม "Back" และ "Draft" แต่ "Next" ต้องไม่แสดง
[22m[39m📊 Excel Formula Calculations (Start)
  --- Input Values (num prefixed) ---
  naclBrewingTable (Y20): 0
  totalWeight (Q18): 0
  naclSpecGrav (Q19): 0
  stdYield (Y18 - Fixed): 1200
  Mg Hydroxide: 0
  NCR Genmatsu: 0
  Activated Carbon: 0
  Gypsum Plaster: 0
  ------------------------------------
  📝 Setting ZeoliteJikulite (CG1C): null
  📝 Setting ZeoliteNatto (CG2C): null
  --- 1. Sodium Chloride --- (Skip: Input is zero)
  --- 2. naclWaterCalc (W23) --- (Skip: Input is zero)
  --- 3. & 4. Water/Salt Calculation ---
  (Skip: naclWaterCalc Raw is null)
  ------------------------------------------
  --- 5. Final Total Weight ---
  Sum: 0 + 0 (Raw NaclWater) + 0 + 0 + 0 + 0
  Raw Total: 0
  ✅ Final Result (Rounded to 3): null
  -------------------------------

[90mstdout[2m | src/components/formGen/pages/GEN_B/BZ_Form/BZ_index.test.tsx[2m > [22m[2mBZ_Form Component (หน้า Draft - Step 1)[2m > [22m[2mเทส 1: หน้า Step 1 ควรแสดงปุ่ม "Back" และ "Draft" แต่ "Next" ต้องไม่แสดง
[22m[39m📊 START: Excel Formula Calculations (ใช้ค่าดิบ)
  --- Input Values (ค่าที่ดึงมาจาก Form) ---
  [Y20] NaCl Table Value: 0
  [Q18] Total Weight: 0
  [Q19] NaCl Spec Grav: 0
  [Y18] Std Yield (Fixed): 800
  Magnesium Hydroxide: 0
  NCR Genmatsu: 0
  -------------------------------------------
  --- 1. Sodium Chloride --- (Skip: Input values are zero/null)
  --- 2. naclWaterCalc (W23) --- (Skip: Input values are zero/null)
  --- 5. finalTotalWeight --- (Skip: Total sum is zero)

[90mstdout[2m | src/components/formGen/pages/GEN_B/BS-B_Form/BS-B_index.test.tsx[2m > [22m[2mBS-B_Form Component (หน้า Draft - Step 1)[2m > [22m[2mเทส 2: เมื่อกดปุ่ม "Draft" ฟังก์ชัน onDraft (ปลอม) ต้องถูกเรียก
[22m[39m--- 1. Quantity of Product Calculation ---
Input (Cans): []
Calculation: 0 * 12 = 0
Output: null
--- 2. Yield % Calculation ---
Inputs:
  Calculated Product: 
 Final Total Weight (calculations.finalTotalWeightFixed): 

[90mstderr[2m | src/components/formGen/pages/GEN_B/BS-B_Form/BS-B_index.test.tsx[2m > [22m[2mBS-B_Form Component 
(หน้า Draft - Step 1)[2m > [22m[2mเทส 2: เมื่อกดปุ่ม "Draft" ฟังก์ชัน onDraft (ปลอม) ต้องถูกเรียก
[22m[39mCondition: Skip Yield % calculation because Product or Final Weight is 0 or invalid. Setting Yield % to null.

[90mstdout[2m | src/components/formGen/pages/GEN_B/BN_Form/BN_index.test.tsx[2m > [22m[2mBN_Form Component (หน้า Draft - Step 1)[2m > [22m[2mเทส 2: เมื่อกดปุ่ม "Draft" ฟังก์ชัน onDraft (ปลอม) ต้องถูกเรียก
[22m[39m📊 Excel Formula Calculations (Start)
  --- Input Values (num prefixed) ---
  naclBrewingTable (Y20): 0
  totalWeight (Q18): 0
  naclSpecGrav (Q19): 0
  stdYield (Y18 - Fixed): 1200
  Mg Hydroxide: 0
  NCR Genmatsu: 0
  Activated Carbon: 0
  Gypsum Plaster: 0
  ------------------------------------
  📝 Setting ZeoliteJikulite (CG1C): null
  📝 Setting ZeoliteNatto (CG2C): null
  --- 1. Sodium Chloride --- (Skip: Input is zero)
  --- 2. naclWaterCalc (W23) --- (Skip: Input is zero)
  --- 3. & 4. Water/Salt Calculation ---
  (Skip: naclWaterCalc Raw is null)
  ------------------------------------------
  --- 5. Final Total Weight ---
  Sum: 0 + 0 (Raw NaclWater) + 0 + 0 + 0 + 0
  Raw Total: 0
  ✅ Final Result (Rounded to 3): null
  -------------------------------
--- 1. Quantity of Product Calculation ---
Input (Cans): []
Calculation: 0 * 15 = 0
Output: null
--- 2. Yield % Calculation ---
Inputs:
  Calculated Product: 
 Final Total Weight (calculations.finalTotalWeightFixed): 
[90mstderr[2m | src/components/formGen/pages/GEN_B/BN_Form/BN_index.test.tsx[2m > [22m[2mBN_Form Component (หน้า 
Draft - Step 1)[2m > [22m[2mเทส 2: เมื่อกดปุ่ม "Draft" ฟังก์ชัน onDraft (ปลอม) ต้องถูกเรียก
[22m[39mCondition: Skip Yield % calculation because Product or Final Weight is 0 or invalid. Setting Yield % to null.


[90mstdout[2m | src/components/formGen/pages/GEN_B/BN_Form/BN_index.test.tsx[2m > [22m[2mBN_Form Component (หน้า Draft - Step 1)[2m > [22m[2mเทส 2: เมื่อกดปุ่ม "Draft" ฟังก์ชัน onDraft (ปลอม) ต้องถูกเรียก
[22m[39m📊 Excel Formula Calculations (Start)
  --- Input Values (num prefixed) ---
  naclBrewingTable (Y20): 0
  totalWeight (Q18): 0
  naclSpecGrav (Q19): 0
  stdYield (Y18 - Fixed): 1200
  Mg Hydroxide: 0
  NCR Genmatsu: 0
  Activated Carbon: 0
  Gypsum Plaster: 0
  ------------------------------------
  📝 Setting ZeoliteJikulite (CG1C): null
  📝 Setting ZeoliteNatto (CG2C): null
  --- 1. Sodium Chloride --- (Skip: Input is zero)
  --- 2. naclWaterCalc (W23) --- (Skip: Input is zero)
  --- 3. & 4. Water/Salt Calculation ---
  (Skip: naclWaterCalc Raw is null)
  ------------------------------------------
  --- 5. Final Total Weight ---
  Sum: 0 + 0 (Raw NaclWater) + 0 + 0 + 0 + 0
  Raw Total: 0
  ✅ Final Result (Rounded to 3): null
  -------------------------------

[90mstdout[2m | src/components/formGen/pages/GEN_B/BS_Form/BS_index.test.tsx[2m > [22m[2mBS_Form Component (หน้า Draft - Step 1)[2m > [22m[2mเทส 2: เมื่อกดปุ่ม "Draft" ฟังก์ชัน onDraft (ปลอม) ต้องถูกเรียก
[22m[39m--- 1. Quantity of Product Calculation ---
Input (Cans): []
Calculation: 0 * 12 = 0
Output: null
--- 2. Yield % Calculation ---
Inputs:
  Calculated Product: 
 Final Total Weight (calculations.finalTotalWeightFixed): 

[90mstderr[2m | src/components/formGen/pages/GEN_B/BS_Form/BS_index.test.tsx[2m > [22m[2mBS_Form Component (หน้า 
Draft - Step 1)[2m > [22m[2mเทส 2: เมื่อกดปุ่ม "Draft" ฟังก์ชัน onDraft (ปลอม) ต้องถูกเรียก
[22m[39mCondition: Skip Yield % calculation because Product or Final Weight is 0 or invalid. Setting Yield % to null.

[90mstdout[2m | src/components/formGen/pages/GEN_B/BZ_Form/BZ_index.test.tsx[2m > [22m[2mBZ_Form Component (หน้า Draft - Step 1)[2m > [22m[2mเทส 2: เมื่อกดปุ่ม "Draft" ฟังก์ชัน onDraft (ปลอม) ต้องถูกเรียก
[22m[39m📊 START: Excel Formula Calculations (ใช้ค่าดิบ)
  --- Input Values (ค่าที่ดึงมาจาก Form) ---
  [Y20] NaCl Table Value: 0
  [Q18] Total Weight: 0
  [Q19] NaCl Spec Grav: 0
  [Y18] Std Yield (Fixed): 800
  Magnesium Hydroxide: 0
  NCR Genmatsu: 0
  -------------------------------------------
  --- 1. Sodium Chloride --- (Skip: Input values are zero/null)
  --- 2. naclWaterCalc (W23) --- (Skip: Input values are zero/null)
  --- 5. finalTotalWeight --- (Skip: Total sum is zero)
--- 1. Quantity of Product Calculation ---
Input (Cans): []
Calculation: 0 * 12 = 0
Output: null
--- 2. Yield % Calculation ---
Inputs:
  Calculated Product: 
 Final Total Weight (calculations.finalTotalWeight): 

[90mstderr[2m | src/components/formGen/pages/GEN_B/BZ_Form/BZ_index.test.tsx[2m > [22m[2mBZ_Form Component (หน้า 
Draft - Step 1)[2m > [22m[2mเทส 2: เมื่อกดปุ่ม "Draft" ฟังก์ชัน onDraft (ปลอม) ต้องถูกเรียก
[22m[39mCondition: Skip Yield % calculation because Product or Final Weight is 0 or invalid. Setting Yield % to null.

[90mstdout[2m | src/components/formGen/pages/GEN_B/BZ_Form/BZ_index.test.tsx[2m > [22m[2mBZ_Form Component (หน้า Draft - Step 1)[2m > [22m[2mเทส 2: เมื่อกดปุ่ม "Draft" ฟังก์ชัน onDraft (ปลอม) ต้องถูกเรียก
[22m[39m📊 START: Excel Formula Calculations (ใช้ค่าดิบ)
  --- Input Values (ค่าที่ดึงมาจาก Form) ---
  [Y20] NaCl Table Value: 0
  [Q18] Total Weight: 0
  [Q19] NaCl Spec Grav: 0
  [Y18] Std Yield (Fixed): 800
  Magnesium Hydroxide: 0
  NCR Genmatsu: 0
  -------------------------------------------
  --- 1. Sodium Chloride --- (Skip: Input values are zero/null)
  --- 2. naclWaterCalc (W23) --- (Skip: Input values are zero/null)
  --- 5. finalTotalWeight --- (Skip: Total sum is zero)

[90mstdout[2m | src/components/formGen/pages/GEN_B/BS-B_Form/BS-B_index.test.tsx[2m > [22m[2mBS-B_Form Component (หน้า Draft - Step 1)[2m > [22m[2mเทส 3: เมื่อกดปุ่ม "Back" ฟังก์ชัน navigate (ปลอม) ต้องถูกเรียก
[22m[39m--- 1. Quantity of Product Calculation ---
Input (Cans): []
Calculation: 0 * 12 = 0
Output: null
--- 2. Yield % Calculation ---
Inputs:
  Calculated Product: 
 Final Total Weight (calculations.finalTotalWeightFixed): 

[90mstderr[2m | src/components/formGen/pages/GEN_B/BS-B_Form/BS-B_index.test.tsx[2m > [22m[2mBS-B_Form Component 
(หน้า Draft - Step 1)[2m > [22m[2mเทส 3: เมื่อกดปุ่ม "Back" ฟังก์ชัน navigate (ปลอม) ต้องถูกเรียก
[22m[39mCondition: Skip Yield % calculation because Product or Final Weight is 0 or invalid. Setting Yield % to null.

[90mstdout[2m | src/components/formGen/pages/GEN_B/BN_Form/BN_index.test.tsx[2m > [22m[2mBN_Form Component (หน้า Draft - Step 1)[2m > [22m[2mเทส 3: เมื่อกดปุ่ม "Back" ฟังก์ชัน navigate (ปลอม) ต้องถูกเรียก
[22m[39m📊 Excel Formula Calculations (Start)
  --- Input Values (num prefixed) ---
  naclBrewingTable (Y20): 0
  totalWeight (Q18): 0
  naclSpecGrav (Q19): 0
  stdYield (Y18 - Fixed): 1200
  Mg Hydroxide: 0
  NCR Genmatsu: 0
  Activated Carbon: 0
  Gypsum Plaster: 0
  ------------------------------------
  📝 Setting ZeoliteJikulite (CG1C): null
  📝 Setting ZeoliteNatto (CG2C): null
  --- 1. Sodium Chloride --- (Skip: Input is zero)
  --- 2. naclWaterCalc (W23) --- (Skip: Input is zero)
  --- 3. & 4. Water/Salt Calculation ---
  (Skip: naclWaterCalc Raw is null)
  ------------------------------------------
  --- 5. Final Total Weight ---
  Sum: 0 + 0 (Raw NaclWater) + 0 + 0 + 0 + 0
  Raw Total: 0
  ✅ Final Result (Rounded to 3): null
  -------------------------------
--- 1. Quantity of Product Calculation ---
Input (Cans): []
Calculation: 0 * 15 = 0
Output: null
--- 2. Yield % Calculation ---
Inputs:
  Calculated Product: 
 Final Total Weight (calculations.finalTotalWeightFixed): 

[90mstderr[2m | src/components/formGen/pages/GEN_B/BN_Form/BN_index.test.tsx[2m > [22m[2mBN_Form Component (หน้า 
Draft - Step 1)[2m > [22m[2mเทส 3: เมื่อกดปุ่ม "Back" ฟังก์ชัน navigate (ปลอม) ต้องถูกเรียก
[22m[39mCondition: Skip Yield % calculation because Product or Final Weight is 0 or invalid. Setting Yield % to null.

[90mstdout[2m | src/components/formGen/pages/GEN_B/BN_Form/BN_index.test.tsx[2m > [22m[2mBN_Form Component (หน้า Draft - Step 1)[2m > [22m[2mเทส 3: เมื่อกดปุ่ม "Back" ฟังก์ชัน navigate (ปลอม) ต้องถูกเรียก
[22m[39m📊 Excel Formula Calculations (Start)
  --- Input Values (num prefixed) ---
  naclBrewingTable (Y20): 0
  totalWeight (Q18): 0
  naclSpecGrav (Q19): 0
  stdYield (Y18 - Fixed): 1200
  Mg Hydroxide: 0
  NCR Genmatsu: 0
  Activated Carbon: 0
  Gypsum Plaster: 0
  ------------------------------------
  📝 Setting ZeoliteJikulite (CG1C): null
  📝 Setting ZeoliteNatto (CG2C): null
  --- 1. Sodium Chloride --- (Skip: Input is zero)
  --- 2. naclWaterCalc (W23) --- (Skip: Input is zero)
  --- 3. & 4. Water/Salt Calculation ---
  (Skip: naclWaterCalc Raw is null)
  ------------------------------------------
  --- 5. Final Total Weight ---
  Sum: 0 + 0 (Raw NaclWater) + 0 + 0 + 0 + 0
  Raw Total: 0
  ✅ Final Result (Rounded to 3): null
  -------------------------------

 [32m✓[39m src/components/formGen/pages/GEN_B/BS-B_Form/BS-B_index.test.tsx [2m([22m[2m3 tests[22m[2m)[22m[33m 1467[2mms[22m[39m
     [33m[2m✓[22m[39m เทส 1: หน้า Step 1 ควรแสดงปุ่ม "Back" และ "Draft" แต่ "Next" ต้องไม่แสดง [33m 762[2mms[22m[39m
     [33m[2m✓[22m[39m เทส 2: เมื่อกดปุ่ม "Draft" ฟังก์ชัน onDraft (ปลอม) ต้องถูกเรียก [33m 366[2mms[22m[39m
     [33m[2m✓[22m[39m เทส 3: เมื่อกดปุ่ม "Back" ฟังก์ชัน navigate (ปลอม) ต้องถูกเรียก [33m 336[2mms[22m[39m
[90mstdout[2m | src/components/formGen/pages/GEN_B/BS_Form/BS_index.test.tsx[2m > [22m[2mBS_Form Component (หน้า Draft - Step 1)[2m > [22m[2mเทส 3: เมื่อกดปุ่ม "Back" ฟังก์ชัน navigate (ปลอม) ต้องถูกเรียก
[22m[39m--- 1. Quantity of Product Calculation ---
Input (Cans): []
Calculation: 0 * 12 = 0
Output: null
--- 2. Yield % Calculation ---
Inputs:
  Calculated Product: 
 Final Total Weight (calculations.finalTotalWeightFixed): 

[90mstderr[2m | src/components/formGen/pages/GEN_B/BS_Form/BS_index.test.tsx[2m > [22m[2mBS_Form Component (หน้า 
Draft - Step 1)[2m > [22m[2mเทส 3: เมื่อกดปุ่ม "Back" ฟังก์ชัน navigate (ปลอม) ต้องถูกเรียก
[22m[39mCondition: Skip Yield % calculation because Product or Final Weight is 0 or invalid. Setting Yield % to null.

[90mstdout[2m | src/components/formGen/pages/GEN_B/BZ_Form/BZ_index.test.tsx[2m > [22m[2mBZ_Form Component (หน้า Draft - Step 1)[2m > [22m[2mเทส 3: เมื่อกดปุ่ม "Back" ฟังก์ชัน navigate (ปลอม) ต้องถูกเรียก
[22m[39m📊 START: Excel Formula Calculations (ใช้ค่าดิบ)
  --- Input Values (ค่าที่ดึงมาจาก Form) ---
  [Y20] NaCl Table Value: 0
  [Q18] Total Weight: 0
  [Q19] NaCl Spec Grav: 0
  [Y18] Std Yield (Fixed): 800
  Magnesium Hydroxide: 0
  NCR Genmatsu: 0
  -------------------------------------------
  --- 1. Sodium Chloride --- (Skip: Input values are zero/null)
  --- 2. naclWaterCalc (W23) --- (Skip: Input values are zero/null)
  --- 5. finalTotalWeight --- (Skip: Total sum is zero)
--- 1. Quantity of Product Calculation ---
Input (Cans): []
Calculation: 0 * 12 = 0
Output: null
--- 2. Yield % Calculation ---
Inputs:
  Calculated Product: 
 Final Total Weight (calculations.finalTotalWeight): 

[90mstderr[2m | src/components/formGen/pages/GEN_B/BZ_Form/BZ_index.test.tsx[2m > [22m[2mBZ_Form Component (หน้า 
Draft - Step 1)[2m > [22m[2mเทส 3: เมื่อกดปุ่ม "Back" ฟังก์ชัน navigate (ปลอม) ต้องถูกเรียก
[22m[39mCondition: Skip Yield % calculation because Product or Final Weight is 0 or invalid. Setting Yield % to null.

[90mstdout[2m | src/components/formGen/pages/GEN_B/BZ_Form/BZ_index.test.tsx[2m > [22m[2mBZ_Form Component (หน้า Draft - Step 1)[2m > [22m[2mเทส 3: เมื่อกดปุ่ม "Back" ฟังก์ชัน navigate (ปลอม) ต้องถูกเรียก
[22m[39m📊 START: Excel Formula Calculations (ใช้ค่าดิบ)
  --- Input Values (ค่าที่ดึงมาจาก Form) ---
  [Y20] NaCl Table Value: 0
  [Q18] Total Weight: 0
  [Q19] NaCl Spec Grav: 0
  [Y18] Std Yield (Fixed): 800
  Magnesium Hydroxide: 0
  NCR Genmatsu: 0
  -------------------------------------------
  --- 1. Sodium Chloride --- (Skip: Input values are zero/null)
  --- 2. naclWaterCalc (W23) --- (Skip: Input values are zero/null)
  --- 5. finalTotalWeight --- (Skip: Total sum is zero)

 [32m✓[39m src/components/formGen/pages/GEN_B/BN_Form/BN_index.test.tsx [2m([22m[2m3 tests[22m[2m)[22m[33m 1642[2mms[22m[39m
     [33m[2m✓[22m[39m เทส 1: หน้า Step 1 ควรแสดงปุ่ม "Back" และ "Draft" แต่ "Next" ต้องไม่แสดง [33m 824[2mms[22m[39m
     [33m[2m✓[22m[39m เทส 2: เมื่อกดปุ่ม "Draft" ฟังก์ชัน onDraft (ปลอม) ต้องถูกเรียก [33m 404[2mms[22m[39m
     [33m[2m✓[22m[39m เทส 3: เมื่อกดปุ่ม "Back" ฟังก์ชัน navigate (ปลอม) ต้องถูกเรียก [33m 410[2mms[22m[39m
 [32m✓[39m src/components/formGen/pages/GEN_B/BS_Form/BS_index.test.tsx [2m([22m[2m3 tests[22m[2m)[22m[33m 1652[2mms[22m[39m
     [33m[2m✓[22m[39m เทส 1: หน้า Step 1 ควรแสดงปุ่ม "Back" และ "Draft" แต่ "Next" ต้องไม่แสดง [33m 791[2mms[22m[39m
     [33m[2m✓[22m[39m เทส 2: เมื่อกดปุ่ม "Draft" ฟังก์ชัน onDraft (ปลอม) ต้องถูกเรียก [33m 466[2mms[22m[39m
     [33m[2m✓[22m[39m เทส 3: เมื่อกดปุ่ม "Back" ฟังก์ชัน navigate (ปลอม) ต้องถูกเรียก [33m 390[2mms[22m[39m
 [32m✓[39m src/components/formGen/pages/GEN_B/BZ_Form/BZ_index.test.tsx [2m([22m[2m3 tests[22m[2m)[22m[33m 1767[2mms[22m[39m
     [33m[2m✓[22m[39m เทส 1: หน้า Step 1 ควรแสดงปุ่ม "Back" และ "Draft" แต่ "Next" ต้องไม่แสดง [33m 1003[2mms[22m[39m
     [33m[2m✓[22m[39m เทส 2: เมื่อกดปุ่ม "Draft" ฟังก์ชัน onDraft (ปลอม) ต้องถูกเรียก [33m 328[2mms[22m[39m
     [33m[2m✓[22m[39m เทส 3: เมื่อกดปุ่ม "Back" ฟังก์ชัน navigate (ปลอม) ต้องถูกเรียก [33m 431[2mms[22m[39m
[90mstdout[2m | src/components/formGen/pages/GEN_B/BS3-C_Form/BS3-CFormStep2.test.tsx[2m > [22m[2mBS3-C FormStep2 Calculations[2m > [22m[2mcalculates Total Materials correctly (Step A)
[22m[39m🚀 --- [START] เริ่มการคำนวณ BS3-C --- 🚀
===== ⚙️ [Step 2] ค่า Input ที่แปลงเป็นตัวเลขแล้ว ===== {
  rc417Total: [33m194[39m,
  magnesiumHydroxide: [33m10[39m,
  activatedCarbon: [33m5[39m,
  GypsumPlaster: [33m20[39m,
  ncrGenmatsu: [33m50[39m
}
--- ขั้นตอน A: Total Materials (AD21) ---
  [A1] คำนวณ: 194 + 10 + 5 + 20
  [A2] ผลลัพธ์ดิบ (calculatedTotalMaterials): [33m229[39m
  [A3] 🚀 setValue('bs3Calculations.totalWeightOfMaterials'): [33m229[39m
--- ขั้นตอน B: Initial 4% NaCl Water (rawInitialNaclWater15 / T24) ---
  [B1] Input (rc417WaterContent): [33m10[39m
  [B2] ✅ ผ่านเงื่อนไข (rc417WaterContent มีค่า)
  [B3] ตัวแปรที่ใช้คำนวณ: {
    Q21_decimal: [33m0.1[39m,
    Q20: [33m194[39m,
    AD21: [33m229[39m,
    Q22_decimal: [33m0.4525[39m,
    O23_decimal: [33m0.04[39m
  }
  [B4] ตัวหาร (Denominator): 1 - 0.04 - 0.4525 = [33m0.5075[39m
  [B5] ✅ ผ่านเงื่อนไข (ตัวหารไม่ใช่ 0)
  [B6] ตัวตั้ง (Numerator): (229 * 0.4525) - (194 * 0.1) = [33m84.2225[39m
  [B7] ผลลัพธ์ดิบ (rawInitialNaclWater15): (84.2225 / 0.5075) * 0.04 = [33m6.638226600985222[39m
--- ขั้นตอน C: Intermediate Water (rawIntermediateWater / AD24) ---
  [C1] Input (rawInitialNaclWater15 จาก B): [33m6.638226600985222[39m
  [C2] ✅ ผ่านเงื่อนไข (Input จาก B ไม่ใช่ null)
  [C3] ตัวแปร (O23_decimal): [33m0.04[39m
  [C4] ✅ ผ่านเงื่อนไข (O23_decimal ไม่ใช่ 0)
  [C5] ผลลัพธ์ดิบ (rawIntermediateWater): (6.638226600985222 / 0.04) * (1 - 0.04) = [33m159.3174384236453[39m
--- ขั้นตอน D: Total NaCl water (totalNaclWaterResult / AD25) ---
  [D1] Input (rc417WaterContent): [33m10[39m
--- ขั้นตอน E: Final 4% NaCl Water & L/min ---
  [E1] ค่า Input ที่ดึงมา: {
    [32m'totalNaclWaterResult_จากขั้นตอนD'[39m: [33m165.96[39m,
    [32m'naclWaterSpecGrav_จากWatch'[39m: [33m1.2[39m
  }
  [E2] แปลง Specific Gravity (W23): [33m1.2[39m
  [E3] ✅ ผ่านเงื่อนไข (W23 !== 0)
  [E4] แปลง Total NaCl (จาก D) เป็นตัวเลข: [33m165.96[39m
  [E5] คำนวณสูตรดิบ (165.96 / 1.2): [33m138.3[39m
  [E6] ปัดเศษผลลัพธ์ (toFixed(0)): [33m138[39m
  [E7] 🚀 setValue('bs3Calculations.naclWater4'): [33m138[39m
  [E8] 🚀 setValue('rawMaterials.sodiumChloride'): [33m138[39m
  [E9] ค่า Input สำหรับ L/min Rate (จาก E6): [33m138[39m
  [E10] คำนวณ L/min Rate (138 / 20): [33m6.9[39m
  [E11] 🚀 setValue('bs3Calculations.lminRate' (ปัดเศษ หรือ null)): 7
--- ขั้นตอน F: Total weight + NCR (totalWeightWithNcrResult) ---
  [F1] Input (totalNaclWaterResult จาก D): [33m165.96[39m
  [F2] ✅ ผ่านเงื่อนไข (Input จาก D ไม่ใช่ null)
  [F3] ตัวแปรที่ใช้คำนวณ: { AD21_final: [33m229[39m, AD25_final: [33m165.96[39m, U14_final: [33m50[39m }
  [F4] คำนวณ: 229 + 165.96 + 50 = [33m444.96000000000004[39m
  [F5] ผลลัพธ์ (totalWeightWithNcrResult) (ปัดเศษ .toFixed(2)): [33m444.96000000000004[39m
  [F6] 🚀 setValue('bs3Calculations.totalWeightWithNcr'): [33m444.96000000000004[39m
🚀 --- [END] สิ้นสุดการคำนวณ BS3-C --- 🚀

[90mstdout[2m | src/components/formGen/pages/GEN_B/BS3-B1_Form/BS3-B1FormStep2.test.tsx[2m > [22m[2mBS3-B1 FormStep2 Calculations[2m > [22m[2mcalculates Total Materials correctly (Step A)
[22m[39m🚀 --- [START] เริ่มการคำนวณ BS3-B1 --- 🚀
===== ⚙️ [Step 2] ค่า Input ที่แปลงเป็นตัวเลขแล้ว ===== {
  rc417Total: [33m194[39m,
  magnesiumHydroxide: [33m10[39m,
  activatedCarbon: [33m5[39m,
  GypsumPlaster: [33m20[39m,
  ncrGenmatsu: [33m50[39m
}
--- ขั้นตอน A: Total Materials (AD21) ---
  [A1] คำนวณ: 194 + 10 + 5 + 20
  [A2] ผลลัพธ์ดิบ (calculatedTotalMaterials): [33m229[39m
  [A3] 🚀 setValue('bs3Calculations.totalWeightOfMaterials'): 229.00
--- ขั้นตอน B: Initial 4% NaCl Water (rawInitialNaclWater15 / T24) ---
  [B1] Input (rc417WaterContent): [33m10[39m
  [B2] ✅ ผ่านเงื่อนไข (rc417WaterContent มีค่า)
  [B3] ตัวแปรที่ใช้คำนวณ: {
    Q21_decimal: [33m0.1[39m,
    Q20: [33m194[39m,
    AD21: [33m229[39m,
    Q22_decimal: [33m0.4525[39m,
    O23_decimal: [33m0.04[39m
  }
  [B4] ตัวหาร (Denominator): 1 - 0.04 - 0.4525 = [33m0.5075[39m
  [B5] ✅ ผ่านเงื่อนไข (ตัวหารไม่ใช่ 0)
  [B6] ตัวตั้ง (Numerator): (229 * 0.4525) - (194 * 0.1) = [33m84.2225[39m
  [B7] ผลลัพธ์ดิบ (rawInitialNaclWater15): (84.2225 / 0.5075) * 0.04 = [33m6.638226600985222[39m
--- ขั้นตอน C: Intermediate Water (rawIntermediateWater / AD24) ---
  [C1] Input (rawInitialNaclWater15 จาก B): [33m6.638226600985222[39m
  [C2] ✅ ผ่านเงื่อนไข (Input จาก B ไม่ใช่ null)
  [C3] ตัวแปร (O23_decimal): [33m0.04[39m
  [C4] ✅ ผ่านเงื่อนไข (O23_decimal ไม่ใช่ 0)
  [C5] ผลลัพธ์ดิบ (rawIntermediateWater): (6.638226600985222 / 0.04) * (1 - 0.04) = [33m159.3174384236453[39m
--- ขั้นตอน D: Total NaCl water (totalNaclWaterResult / AD25) ---
  [D1] Input (rc417WaterContent): [33m10[39m
--- ขั้นตอน E: Final 4% NaCl Water & L/min ---
  [E1] ค่า Input ที่ดึงมา: {
    [32m'totalNaclWaterResult_จากขั้นตอนD'[39m: [33m165.95566502463055[39m,
    [32m'naclWaterSpecGrav_จากWatch'[39m: [33m1.2[39m
  }
  [E2] แปลง Specific Gravity (W23): [33m1.2[39m
  [E3] ✅ ผ่านเงื่อนไข (W23 !== 0)
  [E4] แปลง Total NaCl (จาก D) เป็นตัวเลข: [33m165.95566502463055[39m
  [E5] คำนวณสูตรดิบ (165.95566502463055 / 1.2): [33m138.29638752052546[39m
  [E6] ปัดเศษผลลัพธ์ (toFixed(0)): [33m138[39m
  [E7] 🚀 setValue('bs3Calculations.naclWater4'): [33m138[39m
  [E8] 🚀 setValue('rawMaterials.sodiumChloride'): [33m138[39m
  [E9] ค่า Input สำหรับ L/min Rate (จาก E6): [33m138[39m
  [E10] คำนวณ L/min Rate (138 / 20): [33m6.9[39m
  [E11] 🚀 setValue('bs3Calculations.lminRate' (ปัดเศษ หรือ null)): 7
--- ขั้นตอน F: Total weight + NCR (totalWeightWithNcrResult) ---
  [F1] Input (totalNaclWaterResult จาก D): [33m165.95566502463055[39m
  [F2] ✅ ผ่านเงื่อนไข (Input จาก D ไม่ใช่ null)
  [F3] ตัวแปรที่ใช้คำนวณ: { AD21_final: [33m229[39m, AD25_final: [33m165.95566502463055[39m, U14_final: [33m50[39m }
  [F4] คำนวณ: 229 + 165.95566502463055 + 50 = [33m444.95566502463055[39m
  [F5] ผลลัพธ์ (totalWeightWithNcrResult) (ปัดเศษ .toFixed(2)): [33m444.95566502463055[39m
  [F6] 🚀 setValue('bs3Calculations.totalWeightWithNcr'): [33m444.95566502463055[39m
🚀 --- [END] สิ้นสุดการคำนวณ BS3-B1 --- 🚀

[90mstdout[2m | src/components/formGen/pages/GEN_B/BS3-C_Form/BS3-CFormStep2.test.tsx[2m > [22m[2mBS3-C FormStep2 Calculations[2m > [22m[2mcalculates Initial 4% NaCl Water correctly (Step B)
[22m[39m🚀 --- [START] เริ่มการคำนวณ BS3-C --- 🚀
===== ⚙️ [Step 2] ค่า Input ที่แปลงเป็นตัวเลขแล้ว ===== {
  rc417Total: [33m194[39m,
  magnesiumHydroxide: [33m10[39m,
  activatedCarbon: [33m5[39m,
  GypsumPlaster: [33m20[39m,
  ncrGenmatsu: [33m50[39m
}
--- ขั้นตอน A: Total Materials (AD21) ---
  [A1] คำนวณ: 194 + 10 + 5 + 20
  [A2] ผลลัพธ์ดิบ (calculatedTotalMaterials): [33m229[39m
  [A3] 🚀 setValue('bs3Calculations.totalWeightOfMaterials'): [33m229[39m
--- ขั้นตอน B: Initial 4% NaCl Water (rawInitialNaclWater15 / T24) ---
  [B1] Input (rc417WaterContent): [33m10[39m
  [B2] ✅ ผ่านเงื่อนไข (rc417WaterContent มีค่า)
  [B3] ตัวแปรที่ใช้คำนวณ: {
    Q21_decimal: [33m0.1[39m,
    Q20: [33m194[39m,
    AD21: [33m229[39m,
    Q22_decimal: [33m0.4525[39m,
    O23_decimal: [33m0.04[39m
  }
  [B4] ตัวหาร (Denominator): 1 - 0.04 - 0.4525 = [33m0.5075[39m
  [B5] ✅ ผ่านเงื่อนไข (ตัวหารไม่ใช่ 0)
  [B6] ตัวตั้ง (Numerator): (229 * 0.4525) - (194 * 0.1) = [33m84.2225[39m
  [B7] ผลลัพธ์ดิบ (rawInitialNaclWater15): (84.2225 / 0.5075) * 0.04 = [33m6.638226600985222[39m
--- ขั้นตอน C: Intermediate Water (rawIntermediateWater / AD24) ---
  [C1] Input (rawInitialNaclWater15 จาก B): [33m6.638226600985222[39m
  [C2] ✅ ผ่านเงื่อนไข (Input จาก B ไม่ใช่ null)
  [C3] ตัวแปร (O23_decimal): [33m0.04[39m
  [C4] ✅ ผ่านเงื่อนไข (O23_decimal ไม่ใช่ 0)
  [C5] ผลลัพธ์ดิบ (rawIntermediateWater): (6.638226600985222 / 0.04) * (1 - 0.04) = [33m159.3174384236453[39m
--- ขั้นตอน D: Total NaCl water (totalNaclWaterResult / AD25) ---
  [D1] Input (rc417WaterContent): [33m10[39m
--- ขั้นตอน E: Final 4% NaCl Water & L/min ---
  [E1] ค่า Input ที่ดึงมา: {
    [32m'totalNaclWaterResult_จากขั้นตอนD'[39m: [33m165.96[39m,
    [32m'naclWaterSpecGrav_จากWatch'[39m: [33m1.2[39m
  }
  [E2] แปลง Specific Gravity (W23): [33m1.2[39m
  [E3] ✅ ผ่านเงื่อนไข (W23 !== 0)
  [E4] แปลง Total NaCl (จาก D) เป็นตัวเลข: [33m165.96[39m
  [E5] คำนวณสูตรดิบ (165.96 / 1.2): [33m138.3[39m
  [E6] ปัดเศษผลลัพธ์ (toFixed(0)): [33m138[39m
  [E7] 🚀 setValue('bs3Calculations.naclWater4'): [33m138[39m
  [E8] 🚀 setValue('rawMaterials.sodiumChloride'): [33m138[39m
  [E9] ค่า Input สำหรับ L/min Rate (จาก E6): [33m138[39m
  [E10] คำนวณ L/min Rate (138 / 20): [33m6.9[39m
  [E11] 🚀 setValue('bs3Calculations.lminRate' (ปัดเศษ หรือ null)): 7
--- ขั้นตอน F: Total weight + NCR (totalWeightWithNcrResult) ---
  [F1] Input (totalNaclWaterResult จาก D): [33m165.96[39m
  [F2] ✅ ผ่านเงื่อนไข (Input จาก D ไม่ใช่ null)
  [F3] ตัวแปรที่ใช้คำนวณ: { AD21_final: [33m229[39m, AD25_final: [33m165.96[39m, U14_final: [33m50[39m }
  [F4] คำนวณ: 229 + 165.96 + 50 = [33m444.96000000000004[39m
  [F5] ผลลัพธ์ (totalWeightWithNcrResult) (ปัดเศษ .toFixed(2)): [33m444.96000000000004[39m
  [F6] 🚀 setValue('bs3Calculations.totalWeightWithNcr'): [33m444.96000000000004[39m
🚀 --- [END] สิ้นสุดการคำนวณ BS3-C --- 🚀

[90mstderr[2m | src/components/formGen/pages/GEN_B/BS3-C_Form/BS3-CFormStep2.test.tsx[2m > [22m[2mBS3-C FormStep2 
Calculations[2m > [22m[2mcalculates Initial 4% NaCl Water correctly (Step B)
[22m[39mWarning: An update to TestWrapper inside a test was not wrapped in act(...).

When testing, code that causes React state updates should be wrapped into act(...):

act(() => {
  /* fire events that update state */
});
/* assert on the output */

This ensures that you're testing the behavior the user would see in the browser. Learn more at 
https://reactjs.org/link/wrap-tests-with-act
    at TestWrapper 
(C:/Projects/genmatsu-fullstack/frontend/src/components/formGen/pages/GEN_B/BS3-C_Form/BS3-CFormStep2.test.tsx:33:24)

[90mstdout[2m | src/components/formGen/pages/GEN_B/BS3-B1_Form/BS3-B1FormStep2.test.tsx[2m > [22m[2mBS3-B1 FormStep2 Calculations[2m > [22m[2mcalculates Initial 4% NaCl Water correctly (Step B)
[22m[39m🚀 --- [START] เริ่มการคำนวณ BS3-B1 --- 🚀
===== ⚙️ [Step 2] ค่า Input ที่แปลงเป็นตัวเลขแล้ว ===== {
  rc417Total: [33m194[39m,
  magnesiumHydroxide: [33m10[39m,
  activatedCarbon: [33m5[39m,
  GypsumPlaster: [33m20[39m,
  ncrGenmatsu: [33m50[39m
}
--- ขั้นตอน A: Total Materials (AD21) ---
  [A1] คำนวณ: 194 + 10 + 5 + 20
  [A2] ผลลัพธ์ดิบ (calculatedTotalMaterials): [33m229[39m
  [A3] 🚀 setValue('bs3Calculations.totalWeightOfMaterials'): 229.00
--- ขั้นตอน B: Initial 4% NaCl Water (rawInitialNaclWater15 / T24) ---
  [B1] Input (rc417WaterContent): [33m10[39m
  [B2] ✅ ผ่านเงื่อนไข (rc417WaterContent มีค่า)
  [B3] ตัวแปรที่ใช้คำนวณ: {
    Q21_decimal: [33m0.1[39m,
    Q20: [33m194[39m,
    AD21: [33m229[39m,
    Q22_decimal: [33m0.4525[39m,
    O23_decimal: [33m0.04[39m
  }
  [B4] ตัวหาร (Denominator): 1 - 0.04 - 0.4525 = [33m0.5075[39m
  [B5] ✅ ผ่านเงื่อนไข (ตัวหารไม่ใช่ 0)
  [B6] ตัวตั้ง (Numerator): (229 * 0.4525) - (194 * 0.1) = [33m84.2225[39m
  [B7] ผลลัพธ์ดิบ (rawInitialNaclWater15): (84.2225 / 0.5075) * 0.04 = [33m6.638226600985222[39m
--- ขั้นตอน C: Intermediate Water (rawIntermediateWater / AD24) ---
  [C1] Input (rawInitialNaclWater15 จาก B): [33m6.638226600985222[39m
  [C2] ✅ ผ่านเงื่อนไข (Input จาก B ไม่ใช่ null)
  [C3] ตัวแปร (O23_decimal): [33m0.04[39m
  [C4] ✅ ผ่านเงื่อนไข (O23_decimal ไม่ใช่ 0)
  [C5] ผลลัพธ์ดิบ (rawIntermediateWater): (6.638226600985222 / 0.04) * (1 - 0.04) = [33m159.3174384236453[39m
--- ขั้นตอน D: Total NaCl water (totalNaclWaterResult / AD25) ---
  [D1] Input (rc417WaterContent): [33m10[39m
--- ขั้นตอน E: Final 4% NaCl Water & L/min ---
  [E1] ค่า Input ที่ดึงมา: {
    [32m'totalNaclWaterResult_จากขั้นตอนD'[39m: [33m165.95566502463055[39m,
    [32m'naclWaterSpecGrav_จากWatch'[39m: [33m1.2[39m
  }
  [E2] แปลง Specific Gravity (W23): [33m1.2[39m
  [E3] ✅ ผ่านเงื่อนไข (W23 !== 0)
  [E4] แปลง Total NaCl (จาก D) เป็นตัวเลข: [33m165.95566502463055[39m
  [E5] คำนวณสูตรดิบ (165.95566502463055 / 1.2): [33m138.29638752052546[39m
  [E6] ปัดเศษผลลัพธ์ (toFixed(0)): [33m138[39m
  [E7] 🚀 setValue('bs3Calculations.naclWater4'): [33m138[39m
  [E8] 🚀 setValue('rawMaterials.sodiumChloride'): [33m138[39m
  [E9] ค่า Input สำหรับ L/min Rate (จาก E6): [33m138[39m
  [E10] คำนวณ L/min Rate (138 / 20): [33m6.9[39m
  [E11] 🚀 setValue('bs3Calculations.lminRate' (ปัดเศษ หรือ null)): 7
--- ขั้นตอน F: Total weight + NCR (totalWeightWithNcrResult) ---
  [F1] Input (totalNaclWaterResult จาก D): [33m165.95566502463055[39m
  [F2] ✅ ผ่านเงื่อนไข (Input จาก D ไม่ใช่ null)
  [F3] ตัวแปรที่ใช้คำนวณ: { AD21_final: [33m229[39m, AD25_final: [33m165.95566502463055[39m, U14_final: [33m50[39m }
  [F4] คำนวณ: 229 + 165.95566502463055 + 50 = [33m444.95566502463055[39m
  [F5] ผลลัพธ์ (totalWeightWithNcrResult) (ปัดเศษ .toFixed(2)): [33m444.95566502463055[39m
  [F6] 🚀 setValue('bs3Calculations.totalWeightWithNcr'): [33m444.95566502463055[39m
🚀 --- [END] สิ้นสุดการคำนวณ BS3-B1 --- 🚀

[90mstderr[2m | src/components/formGen/pages/GEN_B/BS3-B1_Form/BS3-B1FormStep2.test.tsx[2m > [22m[2mBS3-B1 
FormStep2 Calculations[2m > [22m[2mcalculates Initial 4% NaCl Water correctly (Step B)
[22m[39mWarning: An update to TestWrapper inside a test was not wrapped in act(...).

When testing, code that causes React state updates should be wrapped into act(...):

act(() => {
  /* fire events that update state */
});
/* assert on the output */

This ensures that you're testing the behavior the user would see in the browser. Learn more at 
https://reactjs.org/link/wrap-tests-with-act
    at TestWrapper 
(C:/Projects/genmatsu-fullstack/frontend/src/components/formGen/pages/GEN_B/BS3-B1_Form/BS3-B1FormStep2.test.tsx:33:24)

[90mstdout[2m | src/components/formGen/pages/GEN_B/BS3-C_Form/BS3-CFormStep2.test.tsx[2m > [22m[2mBS3-C FormStep2 Calculations[2m > [22m[2mcalculates Total NaCl Water correctly (Step D)
[22m[39m🚀 --- [START] เริ่มการคำนวณ BS3-C --- 🚀
===== ⚙️ [Step 2] ค่า Input ที่แปลงเป็นตัวเลขแล้ว ===== {
  rc417Total: [33m194[39m,
  magnesiumHydroxide: [33m10[39m,
  activatedCarbon: [33m5[39m,
  GypsumPlaster: [33m20[39m,
  ncrGenmatsu: [33m50[39m
}
--- ขั้นตอน A: Total Materials (AD21) ---
  [A1] คำนวณ: 194 + 10 + 5 + 20
  [A2] ผลลัพธ์ดิบ (calculatedTotalMaterials): [33m229[39m
  [A3] 🚀 setValue('bs3Calculations.totalWeightOfMaterials'): [33m229[39m
--- ขั้นตอน B: Initial 4% NaCl Water (rawInitialNaclWater15 / T24) ---
  [B1] Input (rc417WaterContent): [33m10[39m
  [B2] ✅ ผ่านเงื่อนไข (rc417WaterContent มีค่า)
  [B3] ตัวแปรที่ใช้คำนวณ: {
    Q21_decimal: [33m0.1[39m,
    Q20: [33m194[39m,
    AD21: [33m229[39m,
    Q22_decimal: [33m0.4525[39m,
    O23_decimal: [33m0.04[39m
  }
  [B4] ตัวหาร (Denominator): 1 - 0.04 - 0.4525 = [33m0.5075[39m
  [B5] ✅ ผ่านเงื่อนไข (ตัวหารไม่ใช่ 0)
  [B6] ตัวตั้ง (Numerator): (229 * 0.4525) - (194 * 0.1) = [33m84.2225[39m
  [B7] ผลลัพธ์ดิบ (rawInitialNaclWater15): (84.2225 / 0.5075) * 0.04 = [33m6.638226600985222[39m
--- ขั้นตอน C: Intermediate Water (rawIntermediateWater / AD24) ---
  [C1] Input (rawInitialNaclWater15 จาก B): [33m6.638226600985222[39m
  [C2] ✅ ผ่านเงื่อนไข (Input จาก B ไม่ใช่ null)
  [C3] ตัวแปร (O23_decimal): [33m0.04[39m
  [C4] ✅ ผ่านเงื่อนไข (O23_decimal ไม่ใช่ 0)
  [C5] ผลลัพธ์ดิบ (rawIntermediateWater): (6.638226600985222 / 0.04) * (1 - 0.04) = [33m159.3174384236453[39m
--- ขั้นตอน D: Total NaCl water (totalNaclWaterResult / AD25) ---
  [D1] Input (rc417WaterContent): [33m10[39m
--- ขั้นตอน E: Final 4% NaCl Water & L/min ---
  [E1] ค่า Input ที่ดึงมา: {
    [32m'totalNaclWaterResult_จากขั้นตอนD'[39m: [33m165.96[39m,
    [32m'naclWaterSpecGrav_จากWatch'[39m: [33m1.2[39m
  }
  [E2] แปลง Specific Gravity (W23): [33m1.2[39m
  [E3] ✅ ผ่านเงื่อนไข (W23 !== 0)
  [E4] แปลง Total NaCl (จาก D) เป็นตัวเลข: [33m165.96[39m
  [E5] คำนวณสูตรดิบ (165.96 / 1.2): [33m138.3[39m
  [E6] ปัดเศษผลลัพธ์ (toFixed(0)): [33m138[39m
  [E7] 🚀 setValue('bs3Calculations.naclWater4'): [33m138[39m
  [E8] 🚀 setValue('rawMaterials.sodiumChloride'): [33m138[39m
  [E9] ค่า Input สำหรับ L/min Rate (จาก E6): [33m138[39m
  [E10] คำนวณ L/min Rate (138 / 20): [33m6.9[39m
  [E11] 🚀 setValue('bs3Calculations.lminRate' (ปัดเศษ หรือ null)): 7
--- ขั้นตอน F: Total weight + NCR (totalWeightWithNcrResult) ---
  [F1] Input (totalNaclWaterResult จาก D): [33m165.96[39m
  [F2] ✅ ผ่านเงื่อนไข (Input จาก D ไม่ใช่ null)
  [F3] ตัวแปรที่ใช้คำนวณ: { AD21_final: [33m229[39m, AD25_final: [33m165.96[39m, U14_final: [33m50[39m }
  [F4] คำนวณ: 229 + 165.96 + 50 = [33m444.96000000000004[39m
  [F5] ผลลัพธ์ (totalWeightWithNcrResult) (ปัดเศษ .toFixed(2)): [33m444.96000000000004[39m
  [F6] 🚀 setValue('bs3Calculations.totalWeightWithNcr'): [33m444.96000000000004[39m
🚀 --- [END] สิ้นสุดการคำนวณ BS3-C --- 🚀

[90mstdout[2m | src/components/formGen/pages/GEN_B/BS3-B1_Form/BS3-B1FormStep2.test.tsx[2m > [22m[2mBS3-B1 FormStep2 Calculations[2m > [22m[2mcalculates Total NaCl Water correctly (Step D)
[22m[39m🚀 --- [START] เริ่มการคำนวณ BS3-B1 --- 🚀
===== ⚙️ [Step 2] ค่า Input ที่แปลงเป็นตัวเลขแล้ว ===== {
  rc417Total: [33m194[39m,
  magnesiumHydroxide: [33m10[39m,
  activatedCarbon: [33m5[39m,
  GypsumPlaster: [33m20[39m,
  ncrGenmatsu: [33m50[39m
}
--- ขั้นตอน A: Total Materials (AD21) ---
  [A1] คำนวณ: 194 + 10 + 5 + 20
  [A2] ผลลัพธ์ดิบ (calculatedTotalMaterials): [33m229[39m
  [A3] 🚀 setValue('bs3Calculations.totalWeightOfMaterials'): 229.00
--- ขั้นตอน B: Initial 4% NaCl Water (rawInitialNaclWater15 / T24) ---
  [B1] Input (rc417WaterContent): [33m10[39m
  [B2] ✅ ผ่านเงื่อนไข (rc417WaterContent มีค่า)
  [B3] ตัวแปรที่ใช้คำนวณ: {
    Q21_decimal: [33m0.1[39m,
    Q20: [33m194[39m,
    AD21: [33m229[39m,
    Q22_decimal: [33m0.4525[39m,
    O23_decimal: [33m0.04[39m
  }
  [B4] ตัวหาร (Denominator): 1 - 0.04 - 0.4525 = [33m0.5075[39m
  [B5] ✅ ผ่านเงื่อนไข (ตัวหารไม่ใช่ 0)
  [B6] ตัวตั้ง (Numerator): (229 * 0.4525) - (194 * 0.1) = [33m84.2225[39m
  [B7] ผลลัพธ์ดิบ (rawInitialNaclWater15): (84.2225 / 0.5075) * 0.04 = [33m6.638226600985222[39m
--- ขั้นตอน C: Intermediate Water (rawIntermediateWater / AD24) ---
  [C1] Input (rawInitialNaclWater15 จาก B): [33m6.638226600985222[39m
  [C2] ✅ ผ่านเงื่อนไข (Input จาก B ไม่ใช่ null)
  [C3] ตัวแปร (O23_decimal): [33m0.04[39m
  [C4] ✅ ผ่านเงื่อนไข (O23_decimal ไม่ใช่ 0)
  [C5] ผลลัพธ์ดิบ (rawIntermediateWater): (6.638226600985222 / 0.04) * (1 - 0.04) = [33m159.3174384236453[39m
--- ขั้นตอน D: Total NaCl water (totalNaclWaterResult / AD25) ---
  [D1] Input (rc417WaterContent): [33m10[39m
--- ขั้นตอน E: Final 4% NaCl Water & L/min ---
  [E1] ค่า Input ที่ดึงมา: {
    [32m'totalNaclWaterResult_จากขั้นตอนD'[39m: [33m165.95566502463055[39m,
    [32m'naclWaterSpecGrav_จากWatch'[39m: [33m1.2[39m
  }
  [E2] แปลง Specific Gravity (W23): [33m1.2[39m
  [E3] ✅ ผ่านเงื่อนไข (W23 !== 0)
  [E4] แปลง Total NaCl (จาก D) เป็นตัวเลข: [33m165.95566502463055[39m
  [E5] คำนวณสูตรดิบ (165.95566502463055 / 1.2): [33m138.29638752052546[39m
  [E6] ปัดเศษผลลัพธ์ (toFixed(0)): [33m138[39m
  [E7] 🚀 setValue('bs3Calculations.naclWater4'): [33m138[39m
  [E8] 🚀 setValue('rawMaterials.sodiumChloride'): [33m138[39m
  [E9] ค่า Input สำหรับ L/min Rate (จาก E6): [33m138[39m
  [E10] คำนวณ L/min Rate (138 / 20): [33m6.9[39m
  [E11] 🚀 setValue('bs3Calculations.lminRate' (ปัดเศษ หรือ null)): 7
--- ขั้นตอน F: Total weight + NCR (totalWeightWithNcrResult) ---
  [F1] Input (totalNaclWaterResult จาก D): [33m165.95566502463055[39m
  [F2] ✅ ผ่านเงื่อนไข (Input จาก D ไม่ใช่ null)
  [F3] ตัวแปรที่ใช้คำนวณ: { AD21_final: [33m229[39m, AD25_final: [33m165.95566502463055[39m, U14_final: [33m50[39m }
  [F4] คำนวณ: 229 + 165.95566502463055 + 50 = [33m444.95566502463055[39m
  [F5] ผลลัพธ์ (totalWeightWithNcrResult) (ปัดเศษ .toFixed(2)): [33m444.95566502463055[39m
  [F6] 🚀 setValue('bs3Calculations.totalWeightWithNcr'): [33m444.95566502463055[39m
🚀 --- [END] สิ้นสุดการคำนวณ BS3-B1 --- 🚀

[90mstdout[2m | src/components/formGen/pages/GEN_B/BS3-B1_Form/BS3-B1FormStep2.test.tsx[2m > [22m[2mBS3-B1 FormStep2 Calculations[2m > [22m[2mcalculates Final 4% NaCl Water and L/min correctly (Step E)
[22m[39m🚀 --- [START] เริ่มการคำนวณ BS3-B1 --- 🚀
===== ⚙️ [Step 2] ค่า Input ที่แปลงเป็นตัวเลขแล้ว ===== {
  rc417Total: [33m194[39m,
  magnesiumHydroxide: [33m10[39m,
  activatedCarbon: [33m5[39m,
  GypsumPlaster: [33m20[39m,
  ncrGenmatsu: [33m50[39m
}
--- ขั้นตอน A: Total Materials (AD21) ---
  [A1] คำนวณ: 194 + 10 + 5 + 20
  [A2] ผลลัพธ์ดิบ (calculatedTotalMaterials): [33m229[39m
  [A3] 🚀 setValue('bs3Calculations.totalWeightOfMaterials'): 229.00
--- ขั้นตอน B: Initial 4% NaCl Water (rawInitialNaclWater15 / T24) ---
  [B1] Input (rc417WaterContent): [33m10[39m
  [B2] ✅ ผ่านเงื่อนไข (rc417WaterContent มีค่า)
  [B3] ตัวแปรที่ใช้คำนวณ: {
    Q21_decimal: [33m0.1[39m,
    Q20: [33m194[39m,
    AD21: [33m229[39m,
    Q22_decimal: [33m0.4525[39m,
    O23_decimal: [33m0.04[39m
  }
  [B4] ตัวหาร (Denominator): 1 - 0.04 - 0.4525 = [33m0.5075[39m
  [B5] ✅ ผ่านเงื่อนไข (ตัวหารไม่ใช่ 0)
  [B6] ตัวตั้ง (Numerator): (229 * 0.4525) - (194 * 0.1) = [33m84.2225[39m
  [B7] ผลลัพธ์ดิบ (rawInitialNaclWater15): (84.2225 / 0.5075) * 0.04 = [33m6.638226600985222[39m
--- ขั้นตอน C: Intermediate Water (rawIntermediateWater / AD24) ---
  [C1] Input (rawInitialNaclWater15 จาก B): [33m6.638226600985222[39m
  [C2] ✅ ผ่านเงื่อนไข (Input จาก B ไม่ใช่ null)
  [C3] ตัวแปร (O23_decimal): [33m0.04[39m
  [C4] ✅ ผ่านเงื่อนไข (O23_decimal ไม่ใช่ 0)
  [C5] ผลลัพธ์ดิบ (rawIntermediateWater): (6.638226600985222 / 0.04) * (1 - 0.04) = [33m159.3174384236453[39m
--- ขั้นตอน D: Total NaCl water (totalNaclWaterResult / AD25) ---
  [D1] Input (rc417WaterContent): [33m10[39m
--- ขั้นตอน E: Final 4% NaCl Water & L/min ---
  [E1] ค่า Input ที่ดึงมา: {
    [32m'totalNaclWaterResult_จากขั้นตอนD'[39m: [33m165.95566502463055[39m,
    [32m'naclWaterSpecGrav_จากWatch'[39m: [33m1.2[39m
  }
  [E2] แปลง Specific Gravity (W23): [33m1.2[39m
  [E3] ✅ ผ่านเงื่อนไข (W23 !== 0)
  [E4] แปลง Total NaCl (จาก D) เป็นตัวเลข: [33m165.95566502463055[39m
  [E5] คำนวณสูตรดิบ (165.95566502463055 / 1.2): [33m138.29638752052546[39m
  [E6] ปัดเศษผลลัพธ์ (toFixed(0)): [33m138[39m
  [E7] 🚀 setValue('bs3Calculations.naclWater4'): [33m138[39m
  [E8] 🚀 setValue('rawMaterials.sodiumChloride'): [33m138[39m
  [E9] ค่า Input สำหรับ L/min Rate (จาก E6): [33m138[39m
  [E10] คำนวณ L/min Rate (138 / 20): [33m6.9[39m
  [E11] 🚀 setValue('bs3Calculations.lminRate' (ปัดเศษ หรือ null)): 7
--- ขั้นตอน F: Total weight + NCR (totalWeightWithNcrResult) ---
  [F1] Input (totalNaclWaterResult จาก D): [33m165.95566502463055[39m
  [F2] ✅ ผ่านเงื่อนไข (Input จาก D ไม่ใช่ null)
  [F3] ตัวแปรที่ใช้คำนวณ: { AD21_final: [33m229[39m, AD25_final: [33m165.95566502463055[39m, U14_final: [33m50[39m }
  [F4] คำนวณ: 229 + 165.95566502463055 + 50 = [33m444.95566502463055[39m
  [F5] ผลลัพธ์ (totalWeightWithNcrResult) (ปัดเศษ .toFixed(2)): [33m444.95566502463055[39m
  [F6] 🚀 setValue('bs3Calculations.totalWeightWithNcr'): [33m444.95566502463055[39m
🚀 --- [END] สิ้นสุดการคำนวณ BS3-B1 --- 🚀

[90mstdout[2m | src/components/formGen/pages/GEN_B/BS3-C_Form/BS3-CFormStep2.test.tsx[2m > [22m[2mBS3-C FormStep2 Calculations[2m > [22m[2mcalculates Final 4% NaCl Water and L/min correctly (Step E)
[22m[39m🚀 --- [START] เริ่มการคำนวณ BS3-C --- 🚀
===== ⚙️ [Step 2] ค่า Input ที่แปลงเป็นตัวเลขแล้ว ===== {
  rc417Total: [33m194[39m,
  magnesiumHydroxide: [33m10[39m,
  activatedCarbon: [33m5[39m,
  GypsumPlaster: [33m20[39m,
  ncrGenmatsu: [33m50[39m
}
--- ขั้นตอน A: Total Materials (AD21) ---
  [A1] คำนวณ: 194 + 10 + 5 + 20
  [A2] ผลลัพธ์ดิบ (calculatedTotalMaterials): [33m229[39m
  [A3] 🚀 setValue('bs3Calculations.totalWeightOfMaterials'): [33m229[39m
--- ขั้นตอน B: Initial 4% NaCl Water (rawInitialNaclWater15 / T24) ---
  [B1] Input (rc417WaterContent): [33m10[39m
  [B2] ✅ ผ่านเงื่อนไข (rc417WaterContent มีค่า)
  [B3] ตัวแปรที่ใช้คำนวณ: {
    Q21_decimal: [33m0.1[39m,
    Q20: [33m194[39m,
    AD21: [33m229[39m,
    Q22_decimal: [33m0.4525[39m,
    O23_decimal: [33m0.04[39m
  }
  [B4] ตัวหาร (Denominator): 1 - 0.04 - 0.4525 = [33m0.5075[39m
  [B5] ✅ ผ่านเงื่อนไข (ตัวหารไม่ใช่ 0)
  [B6] ตัวตั้ง (Numerator): (229 * 0.4525) - (194 * 0.1) = [33m84.2225[39m
  [B7] ผลลัพธ์ดิบ (rawInitialNaclWater15): (84.2225 / 0.5075) * 0.04 = [33m6.638226600985222[39m
--- ขั้นตอน C: Intermediate Water (rawIntermediateWater / AD24) ---
  [C1] Input (rawInitialNaclWater15 จาก B): [33m6.638226600985222[39m
  [C2] ✅ ผ่านเงื่อนไข (Input จาก B ไม่ใช่ null)
  [C3] ตัวแปร (O23_decimal): [33m0.04[39m
  [C4] ✅ ผ่านเงื่อนไข (O23_decimal ไม่ใช่ 0)
  [C5] ผลลัพธ์ดิบ (rawIntermediateWater): (6.638226600985222 / 0.04) * (1 - 0.04) = [33m159.3174384236453[39m
--- ขั้นตอน D: Total NaCl water (totalNaclWaterResult / AD25) ---
  [D1] Input (rc417WaterContent): [33m10[39m
--- ขั้นตอน E: Final 4% NaCl Water & L/min ---
  [E1] ค่า Input ที่ดึงมา: {
    [32m'totalNaclWaterResult_จากขั้นตอนD'[39m: [33m165.96[39m,
    [32m'naclWaterSpecGrav_จากWatch'[39m: [33m1.2[39m
  }
  [E2] แปลง Specific Gravity (W23): [33m1.2[39m
  [E3] ✅ ผ่านเงื่อนไข (W23 !== 0)
  [E4] แปลง Total NaCl (จาก D) เป็นตัวเลข: [33m165.96[39m
  [E5] คำนวณสูตรดิบ (165.96 / 1.2): [33m138.3[39m
  [E6] ปัดเศษผลลัพธ์ (toFixed(0)): [33m138[39m
  [E7] 🚀 setValue('bs3Calculations.naclWater4'): [33m138[39m
  [E8] 🚀 setValue('rawMaterials.sodiumChloride'): [33m138[39m
  [E9] ค่า Input สำหรับ L/min Rate (จาก E6): [33m138[39m
  [E10] คำนวณ L/min Rate (138 / 20): [33m6.9[39m
  [E11] 🚀 setValue('bs3Calculations.lminRate' (ปัดเศษ หรือ null)): 7
--- ขั้นตอน F: Total weight + NCR (totalWeightWithNcrResult) ---
  [F1] Input (totalNaclWaterResult จาก D): [33m165.96[39m
  [F2] ✅ ผ่านเงื่อนไข (Input จาก D ไม่ใช่ null)
  [F3] ตัวแปรที่ใช้คำนวณ: { AD21_final: [33m229[39m, AD25_final: [33m165.96[39m, U14_final: [33m50[39m }
  [F4] คำนวณ: 229 + 165.96 + 50 = [33m444.96000000000004[39m
  [F5] ผลลัพธ์ (totalWeightWithNcrResult) (ปัดเศษ .toFixed(2)): [33m444.96000000000004[39m
  [F6] 🚀 setValue('bs3Calculations.totalWeightWithNcr'): [33m444.96000000000004[39m
🚀 --- [END] สิ้นสุดการคำนวณ BS3-C --- 🚀

 [32m✓[39m src/hooks/useTemplateLoader.test.ts [2m([22m[2m4 tests[22m[2m)[22m[33m 330[2mms[22m[39m
[90mstdout[2m | src/components/formGen/pages/GEN_B/BS3-B1_Form/BS3-B1FormStep2.test.tsx[2m > [22m[2mBS3-B1 FormStep2 Calculations[2m > [22m[2mcalculates Total Weight with NCR correctly (Step F)
[22m[39m🚀 --- [START] เริ่มการคำนวณ BS3-B1 --- 🚀
===== ⚙️ [Step 2] ค่า Input ที่แปลงเป็นตัวเลขแล้ว ===== {
  rc417Total: [33m194[39m,
  magnesiumHydroxide: [33m10[39m,
  activatedCarbon: [33m5[39m,
  GypsumPlaster: [33m20[39m,
  ncrGenmatsu: [33m50[39m
}
--- ขั้นตอน A: Total Materials (AD21) ---
  [A1] คำนวณ: 194 + 10 + 5 + 20
  [A2] ผลลัพธ์ดิบ (calculatedTotalMaterials): [33m229[39m
  [A3] 🚀 setValue('bs3Calculations.totalWeightOfMaterials'): 229.00
--- ขั้นตอน B: Initial 4% NaCl Water (rawInitialNaclWater15 / T24) ---
  [B1] Input (rc417WaterContent): [33m10[39m
  [B2] ✅ ผ่านเงื่อนไข (rc417WaterContent มีค่า)
  [B3] ตัวแปรที่ใช้คำนวณ: {
    Q21_decimal: [33m0.1[39m,
    Q20: [33m194[39m,
    AD21: [33m229[39m,
    Q22_decimal: [33m0.4525[39m,
    O23_decimal: [33m0.04[39m
  }
  [B4] ตัวหาร (Denominator): 1 - 0.04 - 0.4525 = [33m0.5075[39m
  [B5] ✅ ผ่านเงื่อนไข (ตัวหารไม่ใช่ 0)
  [B6] ตัวตั้ง (Numerator): (229 * 0.4525) - (194 * 0.1) = [33m84.2225[39m
  [B7] ผลลัพธ์ดิบ (rawInitialNaclWater15): (84.2225 / 0.5075) * 0.04 = [33m6.638226600985222[39m
--- ขั้นตอน C: Intermediate Water (rawIntermediateWater / AD24) ---
  [C1] Input (rawInitialNaclWater15 จาก B): [33m6.638226600985222[39m
  [C2] ✅ ผ่านเงื่อนไข (Input จาก B ไม่ใช่ null)
  [C3] ตัวแปร (O23_decimal): [33m0.04[39m
  [C4] ✅ ผ่านเงื่อนไข (O23_decimal ไม่ใช่ 0)
  [C5] ผลลัพธ์ดิบ (rawIntermediateWater): (6.638226600985222 / 0.04) * (1 - 0.04) = [33m159.3174384236453[39m
--- ขั้นตอน D: Total NaCl water (totalNaclWaterResult / AD25) ---
  [D1] Input (rc417WaterContent): [33m10[39m
--- ขั้นตอน E: Final 4% NaCl Water & L/min ---
  [E1] ค่า Input ที่ดึงมา: {
    [32m'totalNaclWaterResult_จากขั้นตอนD'[39m: [33m165.95566502463055[39m,
    [32m'naclWaterSpecGrav_จากWatch'[39m: [33m1.2[39m
  }
  [E2] แปลง Specific Gravity (W23): [33m1.2[39m
  [E3] ✅ ผ่านเงื่อนไข (W23 !== 0)
  [E4] แปลง Total NaCl (จาก D) เป็นตัวเลข: [33m165.95566502463055[39m
  [E5] คำนวณสูตรดิบ (165.95566502463055 / 1.2): [33m138.29638752052546[39m
  [E6] ปัดเศษผลลัพธ์ (toFixed(0)): [33m138[39m
  [E7] 🚀 setValue('bs3Calculations.naclWater4'): [33m138[39m
  [E8] 🚀 setValue('rawMaterials.sodiumChloride'): [33m138[39m
  [E9] ค่า Input สำหรับ L/min Rate (จาก E6): [33m138[39m
  [E10] คำนวณ L/min Rate (138 / 20): [33m6.9[39m
  [E11] 🚀 setValue('bs3Calculations.lminRate' (ปัดเศษ หรือ null)): 7
--- ขั้นตอน F: Total weight + NCR (totalWeightWithNcrResult) ---
  [F1] Input (totalNaclWaterResult จาก D): [33m165.95566502463055[39m
  [F2] ✅ ผ่านเงื่อนไข (Input จาก D ไม่ใช่ null)
  [F3] ตัวแปรที่ใช้คำนวณ: { AD21_final: [33m229[39m, AD25_final: [33m165.95566502463055[39m, U14_final: [33m50[39m }
  [F4] คำนวณ: 229 + 165.95566502463055 + 50 = [33m444.95566502463055[39m
  [F5] ผลลัพธ์ (totalWeightWithNcrResult) (ปัดเศษ .toFixed(2)): [33m444.95566502463055[39m
  [F6] 🚀 setValue('bs3Calculations.totalWeightWithNcr'): [33m444.95566502463055[39m
🚀 --- [END] สิ้นสุดการคำนวณ BS3-B1 --- 🚀

 [32m✓[39m src/components/formGen/pages/GEN_B/BS3-B1_Form/BS3-B1FormStep2.test.tsx [2m([22m[2m5 tests[22m[2m)[22m[33m 365[2mms[22m[39m
[90mstdout[2m | src/components/formGen/pages/GEN_B/BS3-C_Form/BS3-CFormStep2.test.tsx[2m > [22m[2mBS3-C FormStep2 Calculations[2m > [22m[2mcalculates Total Weight with NCR correctly (Step F)
[22m[39m🚀 --- [START] เริ่มการคำนวณ BS3-C --- 🚀
===== ⚙️ [Step 2] ค่า Input ที่แปลงเป็นตัวเลขแล้ว ===== {
  rc417Total: [33m194[39m,
  magnesiumHydroxide: [33m10[39m,
  activatedCarbon: [33m5[39m,
  GypsumPlaster: [33m20[39m,
  ncrGenmatsu: [33m50[39m
}
--- ขั้นตอน A: Total Materials (AD21) ---
  [A1] คำนวณ: 194 + 10 + 5 + 20
  [A2] ผลลัพธ์ดิบ (calculatedTotalMaterials): [33m229[39m
  [A3] 🚀 setValue('bs3Calculations.totalWeightOfMaterials'): [33m229[39m
--- ขั้นตอน B: Initial 4% NaCl Water (rawInitialNaclWater15 / T24) ---
  [B1] Input (rc417WaterContent): [33m10[39m
  [B2] ✅ ผ่านเงื่อนไข (rc417WaterContent มีค่า)
  [B3] ตัวแปรที่ใช้คำนวณ: {
    Q21_decimal: [33m0.1[39m,
    Q20: [33m194[39m,
    AD21: [33m229[39m,
    Q22_decimal: [33m0.4525[39m,
    O23_decimal: [33m0.04[39m
  }
  [B4] ตัวหาร (Denominator): 1 - 0.04 - 0.4525 = [33m0.5075[39m
  [B5] ✅ ผ่านเงื่อนไข (ตัวหารไม่ใช่ 0)
  [B6] ตัวตั้ง (Numerator): (229 * 0.4525) - (194 * 0.1) = [33m84.2225[39m
  [B7] ผลลัพธ์ดิบ (rawInitialNaclWater15): (84.2225 / 0.5075) * 0.04 = [33m6.638226600985222[39m
--- ขั้นตอน C: Intermediate Water (rawIntermediateWater / AD24) ---
  [C1] Input (rawInitialNaclWater15 จาก B): [33m6.638226600985222[39m
  [C2] ✅ ผ่านเงื่อนไข (Input จาก B ไม่ใช่ null)
  [C3] ตัวแปร (O23_decimal): [33m0.04[39m
  [C4] ✅ ผ่านเงื่อนไข (O23_decimal ไม่ใช่ 0)
  [C5] ผลลัพธ์ดิบ (rawIntermediateWater): (6.638226600985222 / 0.04) * (1 - 0.04) = [33m159.3174384236453[39m
--- ขั้นตอน D: Total NaCl water (totalNaclWaterResult / AD25) ---
  [D1] Input (rc417WaterContent): [33m10[39m
--- ขั้นตอน E: Final 4% NaCl Water & L/min ---
  [E1] ค่า Input ที่ดึงมา: {
    [32m'totalNaclWaterResult_จากขั้นตอนD'[39m: [33m165.96[39m,
    [32m'naclWaterSpecGrav_จากWatch'[39m: [33m1.2[39m
  }
  [E2] แปลง Specific Gravity (W23): [33m1.2[39m
  [E3] ✅ ผ่านเงื่อนไข (W23 !== 0)
  [E4] แปลง Total NaCl (จาก D) เป็นตัวเลข: [33m165.96[39m
  [E5] คำนวณสูตรดิบ (165.96 / 1.2): [33m138.3[39m
  [E6] ปัดเศษผลลัพธ์ (toFixed(0)): [33m138[39m
  [E7] 🚀 setValue('bs3Calculations.naclWater4'): [33m138[39m
  [E8] 🚀 setValue('rawMaterials.sodiumChloride'): [33m138[39m
  [E9] ค่า Input สำหรับ L/min Rate (จาก E6): [33m138[39m
  [E10] คำนวณ L/min Rate (138 / 20): [33m6.9[39m
  [E11] 🚀 setValue('bs3Calculations.lminRate' (ปัดเศษ หรือ null)): 7
--- ขั้นตอน F: Total weight + NCR (totalWeightWithNcrResult) ---
  [F1] Input (totalNaclWaterResult จาก D): [33m165.96[39m
  [F2] ✅ ผ่านเงื่อนไข (Input จาก D ไม่ใช่ null)
  [F3] ตัวแปรที่ใช้คำนวณ: { AD21_final: [33m229[39m, AD25_final: [33m165.96[39m, U14_final: [33m50[39m }
  [F4] คำนวณ: 229 + 165.96 + 50 = [33m444.96000000000004[39m
  [F5] ผลลัพธ์ (totalWeightWithNcrResult) (ปัดเศษ .toFixed(2)): [33m444.96000000000004[39m
  [F6] 🚀 setValue('bs3Calculations.totalWeightWithNcr'): [33m444.96000000000004[39m
🚀 --- [END] สิ้นสุดการคำนวณ BS3-C --- 🚀

 [32m✓[39m src/components/formGen/pages/GEN_B/BS3-C_Form/BS3-CFormStep2.test.tsx [2m([22m[2m5 tests[22m[2m)[22m[33m 507[2mms[22m[39m
 [32m✓[39m src/components/formGen/components/forms/ChecklistTable.test.tsx [2m([22m[2m4 tests[22m[2m)[22m[32m 186[2mms[22m[39m
[90mstdout[2m | src/components/formGen/pages/GEN_B/BS3-B_Form/BS3-BFormStep2.test.tsx[2m > [22m[2mBS3-B FormStep2 Calculations[2m > [22m[2mcalculates Total Materials correctly (Step A) including Gypsum Plaster
[22m[39m🚀 --- [START] เริ่มการคำนวณ BS3-B --- 🚀
===== ⚙️ [Step 2] ค่า Input ที่แปลงเป็นตัวเลขแล้ว ===== {
  rc417Total: [33m194[39m,
  magnesiumHydroxide: [33m10[39m,
  activatedCarbon: [33m5[39m,
  GypsumPlaster: [33m20[39m,
  ncrGenmatsu: [33m50[39m
}
--- ขั้นตอน A: Total Materials (AD21) ---
  [A1] คำนวณ: 194 + 10 + 5 + 20
  [A2] ผลลัพธ์ดิบ (calculatedTotalMaterials): [33m229[39m
  [A3] 🚀 setValue('bs3Calculations.totalWeightOfMaterials'): [33m229[39m
--- ขั้นตอน B: Initial 4% NaCl Water (rawInitialNaclWater15 / T24) ---
  [B1] Input (rc417WaterContent): [33m10[39m
  [B2] ✅ ผ่านเงื่อนไข (rc417WaterContent มีค่า)
  [B3] ตัวแปรที่ใช้คำนวณ: {
    Q21_decimal: [33m0.1[39m,
    Q20: [33m194[39m,
    AD21: [33m229[39m,
    Q22_decimal: [33m0.4525[39m,
    O23_decimal: [33m0.04[39m
  }
  [B4] ตัวหาร (Denominator): 1 - 0.04 - 0.4525 = [33m0.5075[39m
  [B5] ✅ ผ่านเงื่อนไข (ตัวหารไม่ใช่ 0)
  [B6] ตัวตั้ง (Numerator): (229 * 0.4525) - (194 * 0.1) = [33m84.2225[39m
  [B7] ผลลัพธ์ดิบ (rawInitialNaclWater15): (84.2225 / 0.5075) * 0.04 = [33m6.638226600985222[39m
--- ขั้นตอน C: Intermediate Water (rawIntermediateWater / AD24) ---
  [C1] Input (rawInitialNaclWater15 จาก B): [33m6.638226600985222[39m
  [C2] ✅ ผ่านเงื่อนไข (Input จาก B ไม่ใช่ null)
  [C3] ตัวแปร (O23_decimal): [33m0.04[39m
  [C4] ✅ ผ่านเงื่อนไข (O23_decimal ไม่ใช่ 0)
  [C5] ผลลัพธ์ดิบ (rawIntermediateWater): (6.638226600985222 / 0.04) * (1 - 0.04) = [33m159.3174384236453[39m
--- ขั้นตอน D: Total NaCl water (totalNaclWaterResult / AD25) ---
  [D1] Input (rc417WaterContent): [33m10[39m
--- ขั้นตอน E: Final 4% NaCl Water & L/min ---
  [E1] ค่า Input ที่ดึงมา: { totalNaclWaterResult: [32m'165.96'[39m, naclWaterSpecGrav: [33m1.2[39m }
  [E2] แปลง Specific Gravity (W23): [33m1.2[39m
  [E3] ✅ ผ่านเงื่อนไข (W23 !== 0)
  [E4] แปลง Total NaCl (จาก D) เป็นตัวเลข: [33m165.96[39m
  [E5] คำนวณสูตรดิบ (165.96 / 1.2): [33m138.3[39m
  [E6] ผลลัพธ์ดิบ: [33m138.3[39m
  [E7] 🚀 setValue('bs3Calculations.naclWater4'): [33m138[39m
  [E8] 🚀 setValue('rawMaterials.sodiumChloride'): [33m138[39m
  [E9] ค่า Input สำหรับ L/min Rate (จาก E6): [33m138[39m
  [E10] คำนวณ L/min Rate (138 / 20): [33m6.9[39m
  [E11] 🚀 setValue('bs3Calculations.lminRate'): [33m7[39m
--- ขั้นตอน F: Total weight + NCR (totalWeightWithNcrResult) ---
  [F1] Input (totalNaclWaterResult จาก D): 165.96
  [F2] ✅ ผ่านเงื่อนไข (Input จาก D ไม่ใช่ null)
  [F3] ตัวแปรที่ใช้คำนวณ: { AD21_final: [33m229[39m, AD25_final: [33m165.96[39m, U14_final: [33m50[39m }
  [F4] คำนวณ: 229 + 165.96 + 50 = [33m444.96000000000004[39m
  [F5] ผลลัพธ์ (totalWeightWithNcrResult)  444.96
  [F6] 🚀 setValue('bs3Calculations.totalWeightWithNcr'): 444.96
🚀 --- [END] สิ้นสุดการคำนวณ BS3-B --- 🚀

[90mstdout[2m | src/components/formGen/pages/GEN_B/BS3-B_Form/BS3-BFormStep2.test.tsx[2m > [22m[2mBS3-B FormStep2 Calculations[2m > [22m[2mcalculates Total NaCl Water correctly (Step D)
[22m[39m🚀 --- [START] เริ่มการคำนวณ BS3-B --- 🚀
===== ⚙️ [Step 2] ค่า Input ที่แปลงเป็นตัวเลขแล้ว ===== {
  rc417Total: [33m194[39m,
  magnesiumHydroxide: [33m10[39m,
  activatedCarbon: [33m5[39m,
  GypsumPlaster: [33m20[39m,
  ncrGenmatsu: [33m50[39m
}
--- ขั้นตอน A: Total Materials (AD21) ---
  [A1] คำนวณ: 194 + 10 + 5 + 20
  [A2] ผลลัพธ์ดิบ (calculatedTotalMaterials): [33m229[39m
  [A3] 🚀 setValue('bs3Calculations.totalWeightOfMaterials'): [33m229[39m
--- ขั้นตอน B: Initial 4% NaCl Water (rawInitialNaclWater15 / T24) ---
  [B1] Input (rc417WaterContent): [33m10[39m
  [B2] ✅ ผ่านเงื่อนไข (rc417WaterContent มีค่า)
  [B3] ตัวแปรที่ใช้คำนวณ: {
    Q21_decimal: [33m0.1[39m,
    Q20: [33m194[39m,
    AD21: [33m229[39m,
    Q22_decimal: [33m0.4525[39m,
    O23_decimal: [33m0.04[39m
  }
  [B4] ตัวหาร (Denominator): 1 - 0.04 - 0.4525 = [33m0.5075[39m
  [B5] ✅ ผ่านเงื่อนไข (ตัวหารไม่ใช่ 0)
  [B6] ตัวตั้ง (Numerator): (229 * 0.4525) - (194 * 0.1) = [33m84.2225[39m
  [B7] ผลลัพธ์ดิบ (rawInitialNaclWater15): (84.2225 / 0.5075) * 0.04 = [33m6.638226600985222[39m
--- ขั้นตอน C: Intermediate Water (rawIntermediateWater / AD24) ---
  [C1] Input (rawInitialNaclWater15 จาก B): [33m6.638226600985222[39m
  [C2] ✅ ผ่านเงื่อนไข (Input จาก B ไม่ใช่ null)
  [C3] ตัวแปร (O23_decimal): [33m0.04[39m
  [C4] ✅ ผ่านเงื่อนไข (O23_decimal ไม่ใช่ 0)
  [C5] ผลลัพธ์ดิบ (rawIntermediateWater): (6.638226600985222 / 0.04) * (1 - 0.04) = [33m159.3174384236453[39m
--- ขั้นตอน D: Total NaCl water (totalNaclWaterResult / AD25) ---
  [D1] Input (rc417WaterContent): [33m10[39m
--- ขั้นตอน E: Final 4% NaCl Water & L/min ---
  [E1] ค่า Input ที่ดึงมา: { totalNaclWaterResult: [32m'165.96'[39m, naclWaterSpecGrav: [33m1.2[39m }
  [E2] แปลง Specific Gravity (W23): [33m1.2[39m
  [E3] ✅ ผ่านเงื่อนไข (W23 !== 0)
  [E4] แปลง Total NaCl (จาก D) เป็นตัวเลข: [33m165.96[39m
  [E5] คำนวณสูตรดิบ (165.96 / 1.2): [33m138.3[39m
  [E6] ผลลัพธ์ดิบ: [33m138.3[39m
  [E7] 🚀 setValue('bs3Calculations.naclWater4'): [33m138[39m
  [E8] 🚀 setValue('rawMaterials.sodiumChloride'): [33m138[39m
  [E9] ค่า Input สำหรับ L/min Rate (จาก E6): [33m138[39m
  [E10] คำนวณ L/min Rate (138 / 20): [33m6.9[39m
  [E11] 🚀 setValue('bs3Calculations.lminRate'): [33m7[39m
--- ขั้นตอน F: Total weight + NCR (totalWeightWithNcrResult) ---
  [F1] Input (totalNaclWaterResult จาก D): 165.96
  [F2] ✅ ผ่านเงื่อนไข (Input จาก D ไม่ใช่ null)
  [F3] ตัวแปรที่ใช้คำนวณ: { AD21_final: [33m229[39m, AD25_final: [33m165.96[39m, U14_final: [33m50[39m }
  [F4] คำนวณ: 229 + 165.96 + 50 = [33m444.96000000000004[39m
  [F5] ผลลัพธ์ (totalWeightWithNcrResult)  444.96
  [F6] 🚀 setValue('bs3Calculations.totalWeightWithNcr'): 444.96
🚀 --- [END] สิ้นสุดการคำนวณ BS3-B --- 🚀

[90mstdout[2m | src/components/formGen/pages/GEN_B/BS3-B_Form/BS3-BFormStep2.test.tsx[2m > [22m[2mBS3-B FormStep2 Calculations[2m > [22m[2mcalculates Final 4% NaCl Water and L/min correctly (Step E)
[22m[39m🚀 --- [START] เริ่มการคำนวณ BS3-B --- 🚀
===== ⚙️ [Step 2] ค่า Input ที่แปลงเป็นตัวเลขแล้ว ===== {
  rc417Total: [33m194[39m,
  magnesiumHydroxide: [33m10[39m,
  activatedCarbon: [33m5[39m,
  GypsumPlaster: [33m20[39m,
  ncrGenmatsu: [33m50[39m
}
--- ขั้นตอน A: Total Materials (AD21) ---
  [A1] คำนวณ: 194 + 10 + 5 + 20
  [A2] ผลลัพธ์ดิบ (calculatedTotalMaterials): [33m229[39m
  [A3] 🚀 setValue('bs3Calculations.totalWeightOfMaterials'): [33m229[39m
--- ขั้นตอน B: Initial 4% NaCl Water (rawInitialNaclWater15 / T24) ---
  [B1] Input (rc417WaterContent): [33m10[39m
  [B2] ✅ ผ่านเงื่อนไข (rc417WaterContent มีค่า)
  [B3] ตัวแปรที่ใช้คำนวณ: {
    Q21_decimal: [33m0.1[39m,
    Q20: [33m194[39m,
    AD21: [33m229[39m,
    Q22_decimal: [33m0.4525[39m,
    O23_decimal: [33m0.04[39m
  }
  [B4] ตัวหาร (Denominator): 1 - 0.04 - 0.4525 = [33m0.5075[39m
  [B5] ✅ ผ่านเงื่อนไข (ตัวหารไม่ใช่ 0)
  [B6] ตัวตั้ง (Numerator): (229 * 0.4525) - (194 * 0.1) = [33m84.2225[39m
  [B7] ผลลัพธ์ดิบ (rawInitialNaclWater15): (84.2225 / 0.5075) * 0.04 = [33m6.638226600985222[39m
--- ขั้นตอน C: Intermediate Water (rawIntermediateWater / AD24) ---
  [C1] Input (rawInitialNaclWater15 จาก B): [33m6.638226600985222[39m
  [C2] ✅ ผ่านเงื่อนไข (Input จาก B ไม่ใช่ null)
  [C3] ตัวแปร (O23_decimal): [33m0.04[39m
  [C4] ✅ ผ่านเงื่อนไข (O23_decimal ไม่ใช่ 0)
  [C5] ผลลัพธ์ดิบ (rawIntermediateWater): (6.638226600985222 / 0.04) * (1 - 0.04) = [33m159.3174384236453[39m
--- ขั้นตอน D: Total NaCl water (totalNaclWaterResult / AD25) ---
  [D1] Input (rc417WaterContent): [33m10[39m
--- ขั้นตอน E: Final 4% NaCl Water & L/min ---
  [E1] ค่า Input ที่ดึงมา: { totalNaclWaterResult: [32m'165.96'[39m, naclWaterSpecGrav: [33m1.2[39m }
  [E2] แปลง Specific Gravity (W23): [33m1.2[39m
  [E3] ✅ ผ่านเงื่อนไข (W23 !== 0)
  [E4] แปลง Total NaCl (จาก D) เป็นตัวเลข: [33m165.96[39m
  [E5] คำนวณสูตรดิบ (165.96 / 1.2): [33m138.3[39m
  [E6] ผลลัพธ์ดิบ: [33m138.3[39m
  [E7] 🚀 setValue('bs3Calculations.naclWater4'): [33m138[39m
  [E8] 🚀 setValue('rawMaterials.sodiumChloride'): [33m138[39m
  [E9] ค่า Input สำหรับ L/min Rate (จาก E6): [33m138[39m
  [E10] คำนวณ L/min Rate (138 / 20): [33m6.9[39m
  [E11] 🚀 setValue('bs3Calculations.lminRate'): [33m7[39m
--- ขั้นตอน F: Total weight + NCR (totalWeightWithNcrResult) ---
  [F1] Input (totalNaclWaterResult จาก D): 165.96
  [F2] ✅ ผ่านเงื่อนไข (Input จาก D ไม่ใช่ null)
  [F3] ตัวแปรที่ใช้คำนวณ: { AD21_final: [33m229[39m, AD25_final: [33m165.96[39m, U14_final: [33m50[39m }
  [F4] คำนวณ: 229 + 165.96 + 50 = [33m444.96000000000004[39m
  [F5] ผลลัพธ์ (totalWeightWithNcrResult)  444.96
  [F6] 🚀 setValue('bs3Calculations.totalWeightWithNcr'): 444.96
🚀 --- [END] สิ้นสุดการคำนวณ BS3-B --- 🚀

 [32m✓[39m src/components/formGen/pages/GEN_B/BS3-B_Form/BS3-BFormStep2.test.tsx [2m([22m[2m3 tests[22m[2m)[22m[33m 453[2mms[22m[39m
[90mstderr[2m | src/hooks/useNaclBrewingLookup.test.ts[2m > [22m[2museNaclBrewingLookup[2m > [22m[2mshould 
handle API error gracefully
[22m[39mNaCl lookup failed: Error: Network Error
    at C:/Projects/genmatsu-fullstack/frontend/src/hooks/useNaclBrewingLookup.test.ts:90:46
    at 
[90mfile:///C:/Projects/genmatsu-fullstack/frontend/[39mnode_modules/[4m@vitest[24m/runner/dist/index.js:157:11
    at 
[90mfile:///C:/Projects/genmatsu-fullstack/frontend/[39mnode_modules/[4m@vitest[24m/runner/dist/index.js:753:26
    at 
[90mfile:///C:/Projects/genmatsu-fullstack/frontend/[39mnode_modules/[4m@vitest[24m/runner/dist/index.js:1636:20
    at new Promise (<anonymous>)
    at runWithTimeout [90m(file:///C:/Projects/genmatsu-fullstack/frontend/[39mnode_modules/[4m@vitest[24m/runner/d
ist/index.js:1602:10[90m)[39m
    at runTest [90m(file:///C:/Projects/genmatsu-fullstack/frontend/[39mnode_modules/[4m@vitest[24m/runner/dist/ind
ex.js:1309:12[90m)[39m
    at runSuite [90m(file:///C:/Projects/genmatsu-fullstack/frontend/[39mnode_modules/[4m@vitest[24m/runner/dist/in
dex.js:1468:8[90m)[39m
    at runSuite [90m(file:///C:/Projects/genmatsu-fullstack/frontend/[39mnode_modules/[4m@vitest[24m/runner/dist/in
dex.js:1468:8[90m)[39m
    at runFiles [90m(file:///C:/Projects/genmatsu-fullstack/frontend/[39mnode_modules/[4m@vitest[24m/runner/dist/in
dex.js:1526:3[90m)[39m

 [32m✓[39m src/hooks/useNaclBrewingLookup.test.ts [2m([22m[2m5 tests[22m[2m)[22m[32m 99[2mms[22m[39m
 [32m✓[39m src/hooks/useWeightCalculations.test.ts [2m([22m[2m3 tests[22m[2m)[22m[32m 97[2mms[22m[39m
 [32m✓[39m src/hooks/useProductionForm.test.ts [2m([22m[2m4 tests[22m[2m)[22m[32m 70[2mms[22m[39m
 [32m✓[39m src/components/formGen/pages/GEN_B/BZ3_Form/BZ3FormStep2.test.tsx [2m([22m[2m2 tests[22m[2m)[22m[32m 65[2mms[22m[39m
[90mstdout[2m | src/components/formGen/pages/GEN_B/BZ5-C_Form/BZ5-CFormStep2.test.tsx[2m > [22m[2mFormStep2 (BZ5-C) - useBZ5_CCalculations (Logic การคำนวณ)[2m > [22m[2mเทส 1: ควรคำนวณทุก field ถูกต้อง เมื่อกรอกข้อมูลครบ (Happy Path)
[22m[39m[BZ5-C DEBUG B] --- Block [B] Start (OLD FORMULA) ---
[BZ5-C DEBUG B] Input P20_B (numRc417Total) = 1000
[BZ5-C DEBUG B] Input P22_B (calculatedWaterContentWeight_RAW) = 100
[BZ5-C DEBUG B] Condition met: P22_B is not null. Starting calculation.
[BZ5-C DEBUG B] Constants: AV27=580.2525, AV23=1000, N24_decimal=0.15
[BZ5-C DEBUG B] part1 (P20_B - P22_B) = (1000 - 100) = 900
[BZ5-C DEBUG B] part2 (AV27 / AV23) = (580.2525 / 1000) = 0.5802525000000001
[BZ5-C DEBUG B] part3 (N24_decimal / (1 - N24_decimal)) = (0.15 / (1 - 0.15)) = 0.17647058823529413
[BZ5-C DEBUG B] rawResult_B (part1 * part2 * part3) = (900 * 0.5802525000000001 * 0.17647058823529413) = 92.15775000000001
BZ5-C calc [B Result]: rawInitialNaclWater15 (RAW) = [33m92.15775000000001[39m
[BZ5-C DEBUG B] --- Block [B] End ---

[90mstdout[2m | src/components/formGen/pages/GEN_B/BZ5-C_Form/BZ5-CFormStep2.test.tsx[2m > [22m[2mFormStep2 (BZ5-C) - useBZ5_CCalculations (Logic การคำนวณ)[2m > [22m[2mเทส 2: ควรคืนค่า null เมื่อค่า Input เป็น null
[22m[39m[BZ5-C DEBUG B] --- Block [B] Start (OLD FORMULA) ---
[BZ5-C DEBUG B] Input P20_B (numRc417Total) = 0
[BZ5-C DEBUG B] Input P22_B (calculatedWaterContentWeight_RAW) = null
[BZ5-C DEBUG B] Condition skipped: P22_B is null.
BZ5-C calc [B Result]: rawInitialNaclWater15 (RAW) = [1mnull[22m
[BZ5-C DEBUG B] --- Block [B] End ---

[90mstdout[2m | src/components/formGen/pages/GEN_B/BZ5-C_Form/BZ5-CFormStep2.test.tsx[2m > [22m[2mFormStep2 (BZ5-C) - useBZ5_CCalculations (Logic การคำนวณ)[2m > [22m[2mเทส 3: ควรคำนวณใหม่ เมื่อค่าที่ดักฟัง (dependency) เปลี่ยนแปลง
[22m[39m[BZ5-C DEBUG B] --- Block [B] Start (OLD FORMULA) ---
[BZ5-C DEBUG B] Input P20_B (numRc417Total) = 0
[BZ5-C DEBUG B] Input P22_B (calculatedWaterContentWeight_RAW) = null
[BZ5-C DEBUG B] Condition skipped: P22_B is null.
BZ5-C calc [B Result]: rawInitialNaclWater15 (RAW) = [1mnull[22m
[BZ5-C DEBUG B] --- Block [B] End ---
[BZ5-C DEBUG B] --- Block [B] Start (OLD FORMULA) ---
[BZ5-C DEBUG B] Input P20_B (numRc417Total) = 1000
[BZ5-C DEBUG B] Input P22_B (calculatedWaterContentWeight_RAW) = null
[BZ5-C DEBUG B] Condition skipped: P22_B is null.
BZ5-C calc [B Result]: rawInitialNaclWater15 (RAW) = [1mnull[22m
[BZ5-C DEBUG B] --- Block [B] End ---

 [32m✓[39m src/components/formGen/pages/GEN_B/BZ5-C_Form/BZ5-CFormStep2.test.tsx [2m([22m[2m3 tests[22m[2m)[22m[32m 45[2mms[22m[39m
 [32m✓[39m src/hooks/useLocalStorage.test.ts [2m([22m[2m4 tests[22m[2m)[22m[32m 70[2mms[22m[39m
 [32m✓[39m src/components/formGen/components/forms/SharedFormStep3.test.tsx [2m([22m[2m18 tests[22m[2m)[22m[33m 9127[2mms[22m[39m
       [33m[2m✓[22m[39m เทส 2.1: [ผ่าน] ควร Validate ผ่าน ถ้า startTime < finishTime [33m 1004[2mms[22m[39m
       [33m[2m✓[22m[39m เทส 2.2: [Error] ควร Validate ไม่ผ่าน ถ้า startTime > finishTime (วันเดียวกัน) [33m 727[2mms[22m[39m
       [33m[2m✓[22m[39m เทส 2.3: [Error] ควร Validate ไม่ผ่าน ถ้าเวลา "ทับซ้อน" (afterPreviousTime) [33m 810[2mms[22m[39m
       [33m[2m✓[22m[39m เทส 2.4: [ผ่าน] [เพิ่มใหม่] ควร Validate ผ่าน ถ้าเป็นกะ "ข้ามคืน" (Overnight) [33m 700[2mms[22m[39m
       [33m[2m✓[22m[39m เทส 2.5: [Error] [เพิ่มใหม่] ควร Validate ไม่ผ่าน ถ้า "Duration > 12 ชม." (วันเดียวกัน) [33m 675[2mms[22m[39m
       [33m[2m✓[22m[39m เทส 2.6: [Error] [เพิ่มใหม่] ควร Validate ไม่ผ่าน ถ้า "Duration > 12 ชม." (ข้ามคืน) [33m 479[2mms[22m[39m
       [33m[2m✓[22m[39m เทส 2.7: [Error] [เพิ่มใหม่] ควร Validate ไม่ผ่าน ถ้า "ช่องว่าง > 12 ชม." (Horizontal) [33m 774[2mms[22m[39m
       [33m[2m✓[22m[39m เทส 3.1: [Error] (Sub-Item) ควรไม่ผ่าน ถ้า startTime > finishTime (Vertical) [33m 981[2mms[22m[39m
       [33m[2m✓[22m[39m เทส 3.2: [Error] (Sub-Item) ควรไม่ผ่าน ถ้าทับซ้อน (Sub-to-Sub) [33m 715[2mms[22m[39m
       [33m[2m✓[22m[39m เทส 3.3: [Error] (Sub-Item) ควรไม่ผ่าน ถ้าทับซ้อน (Sub-to-Main) [33m 579[2mms[22m[39m
       [33m[2m✓[22m[39m เทส 3.4: [Error] (Sub-Item) ควรไม่ผ่าน ถ้าทับซ้อน (Main-to-Sub) [33m 504[2mms[22m[39m
       [33m[2m✓[22m[39m เทส 4.1: [Error] ควรไม่ผ่าน ถ้ากรอกค่า > Max (101) [33m 415[2mms[22m[39m
       [33m[2m✓[22m[39m เทส 4.2: [ผ่าน] ควรผ่าน ถ้ากรอกค่า = Max (100) [33m 334[2mms[22m[39m
[90mstdout[2m | src/components/formGen/pages/GEN_B/BS5-C_Form/BS5-CFormStep2.test.tsx[2m > [22m[2mFormStep2 (BS5-C) - useBS5_CCalculations (Logic การคำนวณ)[2m > [22m[2mเทส 1: ควรคำนวณทุก field ถูกต้อง เมื่อกรอกข้อมูลครบ (Happy Path)
[22m[39m[BS5-C DEBUG] --- 1. PARSING INPUTS ---
[BS5-C DEBUG] Parsed numRc417Total (S19/P20): 1000
[BS5-C DEBUG] Parsed numS24: 649.8144
[BS5-C DEBUG] Parsed Others: Mg(OH)2=50, Carbon=20, Gypsum=5, NCR=300
[BS5-C DEBUG] --- END PARSING ---
[BS5-C DEBUG] --- Block [P22] Start ---
[BS5-C DEBUG] [P22] Inputs: P20=1000, P21_decimal=0.1
[BS5-C DEBUG] [P22] Output (True RAW): 100
[BS5-C DEBUG] [P22] Output (Rounded): 100
[BS5-C DEBUG] --- Block [A] Start ---
[BS5-C DEBUG] [A] Inputs: numRc417Total=1000, numMagnesiumHydroxide=50, numActivatedCarbon=20, numGypsumPlaster=5
[BS5-C DEBUG] [A] Output (True RAW): 1075
[BS5-C DEBUG] [A] Output (Rounded): 1075
[BS5-C DEBUG] --- Block [B] Start (NEW FORMULA) ---
[BS5-C DEBUG] [B] Inputs: S19=1000, numAD20=100, numS24=649.8144
[BS5-C DEBUG] [B] Constants: AD19=1000, O23_decimal=0.04
[BS5-C DEBUG] [B] part1 (S19 - AD20): 900
[BS5-C DEBUG] [B] part2 (S24 / AD19): 0.6498144
[BS5-C DEBUG] [B] part3 (O23_decimal / (1 - O23_decimal)): 0.04166666666666667
[BS5-C DEBUG] [B] rawResult_B (True RAW): 24.36804
[BS5-C DEBUG] [B] Output (Rounded): 24.36804
[BS5-C DEBUG] --- Block [C] Start ---
[BS5-C DEBUG] [C] Inputs: T24_raw (from B rounded)=24.36804, O23_decimal (from naclWater)=0.04
[BS5-C DEBUG] [C] Output (True RAW): 584.83296
[BS5-C DEBUG] [C] Output (Rounded): 584.83296
[BS5-C DEBUG] --- Block [D] Start ---
[BS5-C DEBUG] [D] Inputs: T24_raw_final (from B rounded)=24.36804, AD24_raw_final (from C rounded)=584.83296
[BS5-C DEBUG] [D] Output (True RAW): 609.2009999999999
[BS5-C DEBUG] [D] Output (Rounded): 609.2009999999999
[BS5-C DEBUG] --- Block [E] Start ---
[BS5-C DEBUG] [E-1] Input: W23 (naclWaterSpecGrav)=1.1
[BS5-C DEBUG] [E-1] Input: totalNaclForFinal (from D rounded)=609.2009999999999
[BS5-C DEBUG] [E-1] Output (True RAW L): 553.8190909090907
[BS5-C DEBUG] [E-1] Output (Rounded L): 553.8190909090907
[BS5-C DEBUG] [E-1] Output (L/min True RAW): 27.690954545454538
[BS5-C DEBUG] [E-1] Output (L/min Rounded): 27.690954545454538
[BS5-C DEBUG] [E-2] Inputs: AD21 (from A rounded)=1075, AD25 (from D rounded)=609.2009999999999, U14 (NCR)=300
[BS5-C DEBUG] [E-2] Output (True RAW): 1984.201
[BS5-C DEBUG] [E-2] Output (Rounded): 1984.201
[BS5-C DEBUG] --- ALL CALCULATIONS FINISHED ---

[90mstdout[2m | src/components/formGen/pages/GEN_B/BS5-C_Form/BS5-CFormStep2.test.tsx[2m > [22m[2mFormStep2 (BS5-C) - useBS5_CCalculations (Logic การคำนวณ)[2m > [22m[2mเทส 2: ควรคืนค่า null หรือ "" เมื่อค่า Input เป็น null
[22m[39m[BS5-C DEBUG] --- 1. PARSING INPUTS ---
[BS5-C DEBUG] Parsed numRc417Total (S19/P20): 0
[BS5-C DEBUG] Parsed numS24: 649.8144
[BS5-C DEBUG] Parsed Others: Mg(OH)2=0, Carbon=0, Gypsum=0, NCR=0
[BS5-C DEBUG] --- END PARSING ---
[BS5-C DEBUG] --- Block [P22] Start ---
[BS5-C DEBUG] [P22] Output (Rounded): null
[BS5-C DEBUG] --- Block [A] Start ---
[BS5-C DEBUG] [A] Inputs: numRc417Total=0, numMagnesiumHydroxide=0, numActivatedCarbon=0, numGypsumPlaster=0
[BS5-C DEBUG] [A] Output (True RAW): 0
[BS5-C DEBUG] [A] Output (Rounded): 0
[BS5-C DEBUG] --- Block [B] Start (NEW FORMULA) ---
[BS5-C DEBUG] [B] Inputs: S19=0, numAD20=0, numS24=649.8144
[BS5-C DEBUG] [B] Constants: AD19=1000, O23_decimal=0.04
[BS5-C DEBUG] [B] part1 (S19 - AD20): 0
[BS5-C DEBUG] [B] part2 (S24 / AD19): 0.6498144
[BS5-C DEBUG] [B] part3 (O23_decimal / (1 - O23_decimal)): 0.04166666666666667
[BS5-C DEBUG] [B] rawResult_B (True RAW): 0
[BS5-C DEBUG] [B] Output (Rounded): 0
[BS5-C DEBUG] --- Block [C] Start ---
[BS5-C DEBUG] [C] Inputs: T24_raw (from B rounded)=0, O23_decimal (from naclWater)=0.04
[BS5-C DEBUG] [C] Output (True RAW): 0
[BS5-C DEBUG] [C] Output (Rounded): 0
[BS5-C DEBUG] --- Block [D] Start ---
[BS5-C DEBUG] [D] Skipped (rc417WaterContent is falsy).
[BS5-C DEBUG] [D] Output (Rounded): null
[BS5-C DEBUG] --- Block [E] Start ---
[BS5-C DEBUG] [E-1] Input: W23 (naclWaterSpecGrav)=0
[BS5-C DEBUG] [E-1] Skipped (W23 is 0 or missing).
[BS5-C DEBUG] [E-1] Output (Rounded L): null
[BS5-C DEBUG] [E-1] Output (L/min True RAW): 0
[BS5-C DEBUG] [E-1] Output (L/min Rounded): 0
[BS5-C DEBUG] [E-2] Skipped (totalNaclWaterResult_RAW is null).
[BS5-C DEBUG] [E-2] Output (Rounded): null
[BS5-C DEBUG] --- ALL CALCULATIONS FINISHED ---

 [32m✓[39m src/components/formGen/pages/GEN_B/BS5-C_Form/BS5-CFormStep2.test.tsx [2m([22m[2m2 tests[22m[2m)[22m[32m 64[2mms[22m[39m
[90mstdout[2m | src/components/formGen/pages/GEN_B/BZ_Form/FormStep2.test.tsx[2m > [22m[2mFormStep2 - useExcelFormulaCalculations (Logic การคำนวณ)[2m > [22m[2mเทส 1: ควรคำนวณทุก field ถูกต้อง เมื่อกรอกข้อมูลครบ (Happy Path)
[22m[39m📊 START: Excel Formula Calculations (ใช้ค่าดิบ)
  --- Input Values (ค่าที่ดึงมาจาก Form) ---
  [Y20] NaCl Table Value: 10
  [Q18] Total Weight: 100
  [Q19] NaCl Spec Grav: 1.1
  [Y18] Std Yield (Fixed): 800
  Magnesium Hydroxide: 5
  NCR Genmatsu: 2
  -------------------------------------------
  --- 1. Sodium Chloride ---
  Formula: (100 * 10) / (800 * 1.1)
  Raw Result: 1.1363636363636362
  ✅ SET: rawMaterials.sodiumChloride = 1.14
  --- 2. naclWaterCalc (W23) ---
  Formula: (100 * 10) / 800
  ➡️ ค่าดิบที่ถูกส่งต่อไป: 1.25
  ✅ SET: calculations.naclWaterCalc = 1.25
  --- 3. waterCalc (น้ำ) ---
  Formula: 1.25 (Raw) * 0.85
  Raw Result: 1.0625
  ✅ SET: calculations.waterCalc = 1.06
  --- 4. saltCalc (เกลือ) ---
  Formula: 1.25 (Raw) * 0.15
  Raw Result: 0.1875
  ✅ SET: calculations.saltCalc = 0.19
  --- 5. finalTotalWeight (น้ำหนักรวมสุดท้าย) ---
  Sum: 100 + 1.25 (NaCl+Water Raw) + 5 + 2
  Raw Total: 108.25
  ✅ SET: calculations.finalTotalWeight = 108.25

[90mstdout[2m | src/components/formGen/pages/GEN_B/BZ_Form/FormStep2.test.tsx[2m > [22m[2mFormStep2 - useExcelFormulaCalculations (Logic การคำนวณ)[2m > [22m[2mเทส 2: ควรคืนค่า null หรือ 0 เมื่อค่า Input เป็น null หรือ 0
[22m[39m📊 START: Excel Formula Calculations (ใช้ค่าดิบ)
  --- Input Values (ค่าที่ดึงมาจาก Form) ---
  [Y20] NaCl Table Value: 0
  [Q18] Total Weight: 0
  [Q19] NaCl Spec Grav: 0
  [Y18] Std Yield (Fixed): 800
  Magnesium Hydroxide: 0
  NCR Genmatsu: 0
  -------------------------------------------
  --- 1. Sodium Chloride --- (Skip: Input values are zero/null)
  --- 2. naclWaterCalc (W23) --- (Skip: Input values are zero/null)
  --- 5. finalTotalWeight --- (Skip: Total sum is zero)

[90mstdout[2m | src/components/formGen/pages/GEN_B/BZ_Form/FormStep2.test.tsx[2m > [22m[2mFormStep2 - useExcelFormulaCalculations (Logic การคำนวณ)[2m > [22m[2mเทส 3: ควรคำนวณใหม่ เมื่อค่าที่ดักฟัง (dependency) เปลี่ยนแปลง
[22m[39m📊 START: Excel Formula Calculations (ใช้ค่าดิบ)
  --- Input Values (ค่าที่ดึงมาจาก Form) ---
  [Y20] NaCl Table Value: 0
  [Q18] Total Weight: 0
  [Q19] NaCl Spec Grav: 0
  [Y18] Std Yield (Fixed): 800
  Magnesium Hydroxide: 0
  NCR Genmatsu: 0
  -------------------------------------------
  --- 1. Sodium Chloride --- (Skip: Input values are zero/null)
  --- 2. naclWaterCalc (W23) --- (Skip: Input values are zero/null)
  --- 5. finalTotalWeight --- (Skip: Total sum is zero)
📊 START: Excel Formula Calculations (ใช้ค่าดิบ)
  --- Input Values (ค่าที่ดึงมาจาก Form) ---
  [Y20] NaCl Table Value: 10
  [Q18] Total Weight: 100
  [Q19] NaCl Spec Grav: 0
  [Y18] Std Yield (Fixed): 800
  Magnesium Hydroxide: 5
  NCR Genmatsu: 2
  -------------------------------------------
  --- 1. Sodium Chloride --- (Skip: Input values are zero/null)
  --- 2. naclWaterCalc (W23) ---
  Formula: (100 * 10) / 800
  ➡️ ค่าดิบที่ถูกส่งต่อไป: 1.25
  ✅ SET: calculations.naclWaterCalc = 1.25
  --- 3. waterCalc (น้ำ) ---
  Formula: 1.25 (Raw) * 0.85
  Raw Result: 1.0625
  ✅ SET: calculations.waterCalc = 1.06
  --- 4. saltCalc (เกลือ) ---
  Formula: 1.25 (Raw) * 0.15
  Raw Result: 0.1875
  ✅ SET: calculations.saltCalc = 0.19
  --- 5. finalTotalWeight (น้ำหนักรวมสุดท้าย) ---
  Sum: 100 + 1.25 (NaCl+Water Raw) + 5 + 2
  Raw Total: 108.25
  ✅ SET: calculations.finalTotalWeight = 108.25

 [32m✓[39m src/components/formGen/pages/GEN_B/BZ_Form/FormStep2.test.tsx [2m([22m[2m3 tests[22m[2m)[22m[32m 36[2mms[22m[39m
[90mstdout[2m | src/components/formGen/pages/GEN_B/BN_Form/FormStep2.test.tsx[2m > [22m[2mFormStep2 - useExcelFormulaCalculations (Logic การคำนวณ)[2m > [22m[2mเทส 1: ควรคำนวณทุก field ถูกต้อง เมื่อกรอกข้อมูลครบ (ใช้ Yield 1200)
[22m[39m📊 Excel Formula Calculations (Start)
  --- Input Values (num prefixed) ---
  naclBrewingTable (Y20): 10
  totalWeight (Q18): 100
  naclSpecGrav (Q19): 1.1
  stdYield (Y18 - Fixed): 1200
  Mg Hydroxide: 5
  NCR Genmatsu: 2
  Activated Carbon: 0
  Gypsum Plaster: 0
  ------------------------------------
  📝 Setting ZeoliteJikulite (CG1C): null
  📝 Setting ZeoliteNatto (CG2C): null
  --- 1. Sodium Chloride ---
  Raw: (100 * 10) / (1200 * 1.1) = 0.7575757575757576
  ✅ Result (Rounded to 2): 0.76
  --------------------------
  --- 2. naclWaterCalc (W23) ---
  Raw: (100 * 10) / 1200 = 0.8333333333333334
  ➡️ Raw Value Stored for next steps: 0.8333333333333334
  ✅ Result (Formatted String): 0.83
  --------------------------------
  --- 3. & 4. Water/Salt Calculation ---
  💧 Water Calc (Raw * 0.96): 0.8333333333333334 * 0.96 = 0.8 -> 0.80
  🧂 Salt Calc (Raw * 0.04): 0.8333333333333334 * 0.04 = 0.03333333333333333 -> 0.03
  ------------------------------------------
  --- 5. Final Total Weight ---
  Sum: 100 + 0.8333333333333334 (Raw NaclWater) + 5 + 2 + 0 + 0
  Raw Total: 107.83333333333333
  ✅ Final Result (Rounded to 3): 107.83
  -------------------------------

[90mstdout[2m | src/components/formGen/pages/GEN_B/BN_Form/FormStep2.test.tsx[2m > [22m[2mFormStep2 - useExcelFormulaCalculations (Logic การคำนวณ)[2m > [22m[2mเทส 2: ควรคืนค่า null หรือ 0 เมื่อค่า Input เป็น null หรือ 0
[22m[39m📊 Excel Formula Calculations (Start)
  --- Input Values (num prefixed) ---
  naclBrewingTable (Y20): 0
  totalWeight (Q18): 0
  naclSpecGrav (Q19): 0
  stdYield (Y18 - Fixed): 1200
  Mg Hydroxide: 0
  NCR Genmatsu: 0
  Activated Carbon: 0
  Gypsum Plaster: 0
  ------------------------------------
  📝 Setting ZeoliteJikulite (CG1C): null
  📝 Setting ZeoliteNatto (CG2C): null
  --- 1. Sodium Chloride --- (Skip: Input is zero)
  --- 2. naclWaterCalc (W23) --- (Skip: Input is zero)
  --- 3. & 4. Water/Salt Calculation ---
  (Skip: naclWaterCalc Raw is null)
  ------------------------------------------
  --- 5. Final Total Weight ---
  Sum: 0 + 0 (Raw NaclWater) + 0 + 0 + 0 + 0
  Raw Total: 0
  ✅ Final Result (Rounded to 3): null
  -------------------------------

[90mstdout[2m | src/components/formGen/pages/GEN_B/BN_Form/FormStep2.test.tsx[2m > [22m[2mFormStep2 - useExcelFormulaCalculations (Logic การคำนวณ)[2m > [22m[2mเทส 3: ควรคำนวณใหม่ เมื่อค่าที่ดักฟัง (dependency) เปลี่ยนแปลง
[22m[39m📊 Excel Formula Calculations (Start)
  --- Input Values (num prefixed) ---
  naclBrewingTable (Y20): 0
  totalWeight (Q18): 0
  naclSpecGrav (Q19): 0
  stdYield (Y18 - Fixed): 1200
  Mg Hydroxide: 0
  NCR Genmatsu: 0
  Activated Carbon: 0
  Gypsum Plaster: 0
  ------------------------------------
  📝 Setting ZeoliteJikulite (CG1C): null
  📝 Setting ZeoliteNatto (CG2C): null
  --- 1. Sodium Chloride --- (Skip: Input is zero)
  --- 2. naclWaterCalc (W23) --- (Skip: Input is zero)
  --- 3. & 4. Water/Salt Calculation ---
  (Skip: naclWaterCalc Raw is null)
  ------------------------------------------
  --- 5. Final Total Weight ---
  Sum: 0 + 0 (Raw NaclWater) + 0 + 0 + 0 + 0
  Raw Total: 0
  ✅ Final Result (Rounded to 3): null
  -------------------------------
📊 Excel Formula Calculations (Start)
  --- Input Values (num prefixed) ---
  naclBrewingTable (Y20): 10
  totalWeight (Q18): 100
  naclSpecGrav (Q19): 0
  stdYield (Y18 - Fixed): 1200
  Mg Hydroxide: 5
  NCR Genmatsu: 2
  Activated Carbon: 0
  Gypsum Plaster: 0
  ------------------------------------
  📝 Setting ZeoliteJikulite (CG1C): null
  📝 Setting ZeoliteNatto (CG2C): null
  --- 1. Sodium Chloride --- (Skip: Input is zero)
  --- 2. naclWaterCalc (W23) ---
  Raw: (100 * 10) / 1200 = 0.8333333333333334
  ➡️ Raw Value Stored for next steps: 0.8333333333333334
  ✅ Result (Formatted String): 0.83
  --------------------------------
  --- 3. & 4. Water/Salt Calculation ---
  💧 Water Calc (Raw * 0.96): 0.8333333333333334 * 0.96 = 0.8 -> 0.80
  🧂 Salt Calc (Raw * 0.04): 0.8333333333333334 * 0.04 = 0.03333333333333333 -> 0.03
  ------------------------------------------
  --- 5. Final Total Weight ---
  Sum: 100 + 0.8333333333333334 (Raw NaclWater) + 5 + 2 + 0 + 0
  Raw Total: 107.83333333333333
  ✅ Final Result (Rounded to 3): 107.83
  -------------------------------

 [32m✓[39m src/components/formGen/pages/GEN_B/BN_Form/FormStep2.test.tsx [2m([22m[2m3 tests[22m[2m)[22m[32m 38[2mms[22m[39m
 [32m✓[39m src/hooks/useMultiStepForm.test.ts [2m([22m[2m4 tests[22m[2m)[22m[32m 35[2mms[22m[39m
 [32m✓[39m src/components/formGen/pages/testUpdateForm.test.tsx [2m([22m[2m3 tests[22m[2m)[22m[32m 10[2mms[22m[39m
 [32m✓[39m src/components/formGen/pages/GEN_B/BS_Form/FormStep2.test.tsx [2m([22m[2m3 tests[22m[2m)[22m[32m 23[2mms[22m[39m

[31m⎯⎯⎯⎯⎯⎯⎯[39m[1m[41m Failed Tests 3 [49m[22m[31m⎯⎯⎯⎯⎯⎯⎯[39m

[41m[1m FAIL [22m[49m src/components/formGen/pages/GEN_B/BS-B_Form/FormStep2.test.tsx[2m > [22mFormStep2 - 
useExcelFormulaCalculations (Logic การคำนวณ)[2m > [22mเทส 1: ควรคำนวณทุก field ถูกต้อง เมื่อกรอกข้อมูลครบ (Happy 
Path)
[31m[1mAssertionError[22m: expected '1.14' to be 1.14 // Object.is equality[39m

[32m- Expected:[39m 
1.14

[31m+ Received:[39m 
"1.14"

[36m [2m❯[22m src/components/formGen/pages/GEN_B/BS-B_Form/FormStep2.test.tsx:[2m83:55[22m[39m
    [90m 81| [39m    [90m// --- สูตรดั้งเดิม (Sodium Chloride) ---[39m
    [90m 82| [39m    // (100 * 10) / (800 * 1.1) = 1000 / 880 = 1.136... -> toFixed(2) …
    [90m 83| [39m    [34mexpect[39m(mockFormState[33m.[39mrawMaterials[33m.[39msodiumChloride)[33m.[39m[34mt
oBe[39m([34m1.14[39m)[33m;[39m
    [90m   | [39m                                                      [31m^[39m
    [90m 84| [39m
    [90m 85| [39m    [90m// --- สูตร 1 & 2 (naclWaterCalc) ---[39m

[31m[2m⎯⎯⎯⎯⎯⎯⎯⎯⎯⎯⎯⎯⎯⎯⎯⎯⎯⎯⎯⎯⎯⎯⎯⎯[1/3]⎯[22m[39m

[41m[1m FAIL [22m[49m src/components/formGen/pages/GEN_B/BS-B_Form/FormStep2.test.tsx[2m > [22mFormStep2 - 
useExcelFormulaCalculations (Logic การคำนวณ)[2m > [22mเทส 2: ควรคืนค่า null หรือ 0 เมื่อค่า Input เป็น null หรือ 0
[31m[1mAssertionError[22m: expected '' to be null // Object.is equality[39m

[32m- Expected:[39m 
null

[31m+ Received:[39m 
""

[36m [2m❯[22m src/components/formGen/pages/GEN_B/BS-B_Form/FormStep2.test.tsx:[2m112:55[22m[39m
    [90m110| [39m
    [90m111| [39m    [90m// Assert:[39m
    [90m112| [39m    [34mexpect[39m(mockFormState[33m.[39mrawMaterials[33m.[39msodiumChloride)[33m.[39m[34mt
oBe[39m([35mnull[39m)[33m;[39m
    [90m   | [39m                                                      [31m^[39m
    [90m113| [39m    [34mexpect[39m(mockFormState[33m.[39mcalculations[33m.[39mnaclWaterCalc)[33m.[39m[34mto
Be[39m([35mnull[39m)[33m;[39m
    [90m114| [39m    [34mexpect[39m(mockFormState[33m.[39mcalculations[33m.[39mwaterCalc)[33m.[39m[34mtoBe[
39m([35mnull[39m)[33m;[39m

[31m[2m⎯⎯⎯⎯⎯⎯⎯⎯⎯⎯⎯⎯⎯⎯⎯⎯⎯⎯⎯⎯⎯⎯⎯⎯[2/3]⎯[22m[39m

[41m[1m FAIL [22m[49m src/components/formGen/pages/GEN_B/BS-B_Form/FormStep2.test.tsx[2m > [22mFormStep2 - 
useExcelFormulaCalculations (Logic การคำนวณ)[2m > [22mเทส 3: ควรคำนวณใหม่ เมื่อค่าที่ดักฟัง (dependency) เปลี่ยนแปลง
[31m[1mAssertionError[22m: expected '' to be null // Object.is equality[39m

[32m- Expected:[39m 
null

[31m+ Received:[39m 
""

[36m [2m❯[22m src/components/formGen/pages/GEN_B/BS-B_Form/FormStep2.test.tsx:[2m130:57[22m[39m
    [90m128| [39m
    [90m129| [39m    [90m// Assert ครั้งที่ 1 (ทุกอย่างเป็น null/0)[39m
    [90m130| [39m    [34mexpect[39m(mockFormState[33m.[39mcalculations[33m.[39mfinalTotalWeight)[33m.[39m[34
mtoBe[39m([35mnull[39m)[33m;[39m
    [90m   | [39m                                                        [31m^[39m
    [90m131| [39m    [90m// ล้างประวัติการเรียก setValue (ให้เริ่มนับ 1 ใหม่)[39m
    [90m132| [39m    mockSetValue[33m.[39m[34mmockClear[39m()[33m;[39m

[31m[2m⎯⎯⎯⎯⎯⎯⎯⎯⎯⎯⎯⎯⎯⎯⎯⎯⎯⎯⎯⎯⎯⎯⎯⎯[3/3]⎯[22m[39m


[2m Test Files [22m [1m[31m1 failed[39m[22m[2m | [22m[1m[32m27 passed[39m[22m[90m (28)[39m
[2m      Tests [22m [1m[31m3 failed[39m[22m[2m | [22m[1m[32m111 passed[39m[22m[90m (114)[39m
[2m   Start at [22m 13:45:42
[2m   Duration [22m 13.99s[2m (transform 10.82s, setup 798ms, collect 32.21s, tests 25.54s, environment 63.88s, prepare 1.70s)[22m

